Component: ARM Compiler 5.05 update 2 (build 169) Tool: armlink [4d0f33]

==============================================================================

Section Cross References

    startup_at32f435_437.o(RESET) refers to startup_at32f435_437.o(STACK) for __initial_sp
    startup_at32f435_437.o(RESET) refers to startup_at32f435_437.o(.text) for Reset_Handler
    startup_at32f435_437.o(RESET) refers to at32f435_437_int.o(i.NMI_Handler) for NMI_Handler
    startup_at32f435_437.o(RESET) refers to at32f435_437_int.o(i.HardFault_Handler) for HardFault_Handler
    startup_at32f435_437.o(RESET) refers to at32f435_437_int.o(i.MemManage_Handler) for MemManage_Handler
    startup_at32f435_437.o(RESET) refers to at32f435_437_int.o(i.BusFault_Handler) for BusFault_Handler
    startup_at32f435_437.o(RESET) refers to at32f435_437_int.o(i.UsageFault_Handler) for UsageFault_Handler
    startup_at32f435_437.o(RESET) refers to port.o(.emb_text) for SVC_Handler
    startup_at32f435_437.o(RESET) refers to at32f435_437_int.o(i.DebugMon_Handler) for DebugMon_Handler
    startup_at32f435_437.o(RESET) refers to port.o(i.SysTick_Handler) for SysTick_Handler
    startup_at32f435_437.o(RESET) refers to at32f4xx_eth_driver.o(i.EMAC_IRQHandler) for EMAC_IRQHandler
    startup_at32f435_437.o(.text) refers to system_at32f435_437.o(i.SystemInit) for SystemInit
    startup_at32f435_437.o(.text) refers to __main.o(!!!main) for __main
    at32f435_437_clock.o(i.system_clock_config) refers to at32f435_437_crm.o(i.crm_periph_clock_enable) for crm_periph_clock_enable
    at32f435_437_clock.o(i.system_clock_config) refers to at32f435_437_crm.o(i.crm_reset) for crm_reset
    at32f435_437_clock.o(i.system_clock_config) refers to at32f435_437_crm.o(i.crm_clock_source_enable) for crm_clock_source_enable
    at32f435_437_clock.o(i.system_clock_config) refers to at32f435_437_crm.o(i.crm_hext_stable_wait) for crm_hext_stable_wait
    at32f435_437_clock.o(i.system_clock_config) refers to at32f435_437_crm.o(i.crm_pll_config) for crm_pll_config
    at32f435_437_clock.o(i.system_clock_config) refers to at32f435_437_crm.o(i.crm_flag_get) for crm_flag_get
    at32f435_437_clock.o(i.system_clock_config) refers to at32f435_437_crm.o(i.crm_ahb_div_set) for crm_ahb_div_set
    at32f435_437_clock.o(i.system_clock_config) refers to at32f435_437_crm.o(i.crm_apb2_div_set) for crm_apb2_div_set
    at32f435_437_clock.o(i.system_clock_config) refers to at32f435_437_crm.o(i.crm_apb1_div_set) for crm_apb1_div_set
    at32f435_437_clock.o(i.system_clock_config) refers to at32f435_437_crm.o(i.crm_auto_step_mode_enable) for crm_auto_step_mode_enable
    at32f435_437_clock.o(i.system_clock_config) refers to at32f435_437_crm.o(i.crm_sysclk_switch) for crm_sysclk_switch
    at32f435_437_clock.o(i.system_clock_config) refers to at32f435_437_crm.o(i.crm_sysclk_switch_status_get) for crm_sysclk_switch_status_get
    at32f435_437_clock.o(i.system_clock_config) refers to system_at32f435_437.o(i.system_core_clock_update) for system_core_clock_update
    system_at32f435_437.o(i.system_core_clock_update) refers to at32f435_437_crm.o(i.crm_sysclk_switch_status_get) for crm_sysclk_switch_status_get
    system_at32f435_437.o(i.system_core_clock_update) refers to lludivv7m.o(.text) for __aeabi_uldivmod
    system_at32f435_437.o(i.system_core_clock_update) refers to system_at32f435_437.o(.data) for system_core_clock
    system_at32f435_437.o(i.system_core_clock_update) refers to system_at32f435_437.o(.constdata) for pll_fr_table
    retarget.o(i._sys_exit) refers (Special) to use_no_semi.o(.text) for __use_no_semihosting_swi
    retarget.o(i._ttywrch) refers (Special) to use_no_semi.o(.text) for __use_no_semihosting_swi
    retarget.o(i._ttywrch) refers to debug.o(i.fputc) for fputc
    retarget.o(i._ttywrch) refers to retarget.o(.data) for __stdout
    retarget.o(i.ferror) refers (Special) to use_no_semi.o(.text) for __use_no_semihosting_swi
    retarget.o(i.fgetc) refers (Special) to use_no_semi.o(.text) for __use_no_semihosting_swi
    retarget.o(.data) refers (Special) to use_no_semi.o(.text) for __use_no_semihosting_swi
    main.o(i.httpServerCgiCallback) refers to _printf_percent.o(.ARM.Collect$$_printf_percent$$00000000) for _printf_percent
    main.o(i.httpServerCgiCallback) refers to _printf_u.o(.ARM.Collect$$_printf_percent$$0000000A) for _printf_u
    main.o(i.httpServerCgiCallback) refers to _printf_s.o(.ARM.Collect$$_printf_percent$$00000014) for _printf_s
    main.o(i.httpServerCgiCallback) refers to _printf_dec.o(.text) for _printf_int_dec
    main.o(i.httpServerCgiCallback) refers to _printf_str.o(.text) for _printf_str
    main.o(i.httpServerCgiCallback) refers to strcasecmp.o(.text) for strcasecmp
    main.o(i.httpServerCgiCallback) refers to __2sprintf.o(.text) for __2sprintf
    main.o(i.httpServerCgiCallback) refers to strcpy.o(.text) for strcpy
[...]
    0x08004b30   0x0000003c   Code   RO         6781    i.dhcpClientCheckTimeout  dhcp_client_misc.o
    0x08004b6c   0x0000002e   Code   RO         6782    i.dhcpClientComputeElapsedTime  dhcp_client_misc.o
    0x08004b9a   0x00000002   PAD
    0x08004b9c   0x00000238   Code   RO         6783    i.dhcpClientDumpConfig  dhcp_client_misc.o
    0x08004dd4   0x0000004c   Code   RO         6784    i.dhcpClientLinkChangeEvent  dhcp_client_misc.o
    0x08004e20   0x00000056   Code   RO         6789    i.dhcpClientResetConfig  dhcp_client_misc.o
    0x08004e76   0x00000002   PAD
    0x08004e78   0x00000124   Code   RO         6790    i.dhcpClientSendDecline  dhcp_client_misc.o
    0x08004f9c   0x0000011c   Code   RO         6791    i.dhcpClientSendDiscover  dhcp_client_misc.o
    0x080050b8   0x000001b0   Code   RO         6793    i.dhcpClientSendRequest  dhcp_client_misc.o
    0x08005268   0x0000005c   Code   RO         6711    i.dhcpClientStateAnnouncing  dhcp_client_fsm.o
    0x080052c4   0x00000044   Code   RO         6712    i.dhcpClientStateBound  dhcp_client_fsm.o
    0x08005308   0x00000030   Code   RO         6713    i.dhcpClientStateInit  dhcp_client_fsm.o
    0x08005338   0x00000030   Code   RO         6714    i.dhcpClientStateInitReboot  dhcp_client_fsm.o
    0x08005368   0x00000086   Code   RO         6715    i.dhcpClientStateProbing  dhcp_client_fsm.o
    0x080053ee   0x00000002   PAD
    0x080053f0   0x00000080   Code   RO         6716    i.dhcpClientStateRebinding  dhcp_client_fsm.o
    0x08005470   0x00000090   Code   RO         6717    i.dhcpClientStateRebooting  dhcp_client_fsm.o
    0x08005500   0x00000078   Code   RO         6718    i.dhcpClientStateRenewing  dhcp_client_fsm.o
    0x08005578   0x0000008a   Code   RO         6719    i.dhcpClientStateRequesting  dhcp_client_fsm.o
    0x08005602   0x00000066   Code   RO         6720    i.dhcpClientStateSelecting  dhcp_client_fsm.o
    0x08005668   0x0000007a   Code   RO         6794    i.dhcpClientTick    dhcp_client_misc.o
    0x080056e2   0x00000054   Code   RO         6888    i.dhcpGetOption     dhcp_common.o
    0x08005736   0x0000020e   Code   RO         8035    i.dm8x06AddStaticFdbEntry  dm8x06_driver.o
    0x08005944   0x000000c4   Code   RO         8036    i.dm8x06DeleteStaticFdbEntry  dm8x06_driver.o
    0x08005a08   0x00000002   Code   RO         8037    i.dm8x06DisableIrq  dm8x06_driver.o
    0x08005a0a   0x00000002   PAD
    0x08005a0c   0x0000005c   Code   RO         8038    i.dm8x06DumpPhyReg  dm8x06_driver.o
    0x08005a68   0x00000084   Code   RO         8039    i.dm8x06EnableIgmpSnooping  dm8x06_driver.o
    0x08005aec   0x00000002   Code   RO         8040    i.dm8x06EnableIrq   dm8x06_driver.o
    0x08005aee   0x00000002   PAD
    0x08005af0   0x00000084   Code   RO         8041    i.dm8x06EnableMldSnooping  dm8x06_driver.o
    0x08005b74   0x00000002   Code   RO         8042    i.dm8x06EnableRsvdMcastTable  dm8x06_driver.o
    0x08005b76   0x00000002   PAD
    0x08005b78   0x00000130   Code   RO         8043    i.dm8x06EventHandler  dm8x06_driver.o
    0x08005ca8   0x00000188   Code   RO         8044    i.dm8x06FlushDynamicFdbTable  dm8x06_driver.o
    0x08005e30   0x0000009a   Code   RO         8045    i.dm8x06FlushStaticFdbTable  dm8x06_driver.o
    0x08005eca   0x00000046   Code   RO         8046    i.dm8x06GetDuplexMode  dm8x06_driver.o
    0x08005f10   0x000000e4   Code   RO         8047    i.dm8x06GetDynamicFdbEntry  dm8x06_driver.o
    0x08005ff4   0x00000050   Code   RO         8048    i.dm8x06GetLinkSpeed  dm8x06_driver.o
    0x08006044   0x00000032   Code   RO         8049    i.dm8x06GetLinkState  dm8x06_driver.o
    0x08006076   0x00000002   PAD
    0x08006078   0x0000010c   Code   RO         8050    i.dm8x06GetPortState  dm8x06_driver.o
    0x08006184   0x0000012c   Code   RO         8051    i.dm8x06GetStaticFdbEntry  dm8x06_driver.o
    0x080062b0   0x00000284   Code   RO         8052    i.dm8x06Init        dm8x06_driver.o
    0x08006534   0x000006f0   Code   RO         8053    i.dm8x06InitHook    dm8x06_driver.o
    0x08006c24   0x00000044   Code   RO         8054    i.dm8x06Port_Map_2_Port_Num  dm8x06_driver.o
    0x08006c68   0x0000000e   Code   RO         8055    i.dm8x06Port_Num_2_Port_Map  dm8x06_driver.o
    0x08006c76   0x00000036   Code   RO         8056    i.dm8x06ReadPhyReg  dm8x06_driver.o
    0x08006cac   0x00000040   Code   RO         8057    i.dm8x06ReadSwitchReg  dm8x06_driver.o
    0x08006cec   0x000000d4   Code   RO         8058    i.dm8x06SetAgingTime  dm8x06_driver.o
    0x08006dc0   0x00000158   Code   RO         8059    i.dm8x06SetPortState  dm8x06_driver.o
    0x08006f18   0x00000056   Code   RO         8060    i.dm8x06SetUnknownMcastFwdPorts  dm8x06_driver.o
    0x08006f6e   0x00000002   PAD
    0x08006f70   0x000000b4   Code   RO         8061    i.dm8x06TagFrame    dm8x06_driver.o
    0x08007024   0x00000088   Code   RO         8062    i.dm8x06Tick        dm8x06_driver.o
    0x080070ac   0x000000a8   Code   RO         8063    i.dm8x06UntagFrame  dm8x06_driver.o
    0x08007154   0x00000044   Code   RO         8065    i.dm8x06WriteSwitchReg  dm8x06_driver.o
    0x08007198   0x0000006c   Code   RO         8066    i.dm8x06_ATP_Wait_busy  dm8x06_driver.o
    0x08007204   0x000000b8   Code   RO         6460    i.dnsCompareName    dns_common.o
    0x080072bc   0x00000026   Code   RO         6378    i.dnsDeleteEntry    dns_cache.o
    0x080072e2   0x0000005c   Code   RO         6461    i.dnsEncodeName     dns_common.o
    0x0800733e   0x00000002   PAD
    0x08007340   0x00000034   Code   RO         6380    i.dnsFlushCache     dns_cache.o
    0x08007374   0x00000014   Code   RO         6381    i.dnsInit           dns_cache.o
    0x08007388   0x000000b8   Code   RO         6464    i.dnsParseName      dns_common.o
    0x08007440   0x0000003a   Code   RO         6428    i.dnsSelectNextServer  dns_client.o
    0x0800747a   0x00000002   PAD
    0x0800747c   0x000001bc   Code   RO         6429    i.dnsSendQuery      dns_client.o
    0x08007638   0x000000b4   Code   RO         6382    i.dnsTick           dns_cache.o
    0x080076ec   0x00000066   Code   RO         2383    i.ethAcceptMacAddr  ethernet.o
    0x08007752   0x00000022   Code   RO         2384    i.ethAllocBuffer    ethernet.o
    0x08007774   0x00000014   Code   RO         2385    i.ethAttachLlcRxCalback  ethernet.o
    0x08007788   0x0000003c   Code   RO         2577    i.ethCalcCrc        ethernet_misc.o
    0x080077c4   0x000000a0   Code   RO         2578    i.ethCalcCrcEx      ethernet_misc.o
    0x08007864   0x00000064   Code   RO         2579    i.ethCheckCrc       ethernet_misc.o
    0x080078c8   0x0000007c   Code   RO         2580    i.ethCheckDestAddr  ethernet_misc.o
    0x08007944   0x00000016   Code   RO         2386    i.ethDetachLlcRxCalback  ethernet.o
    0x0800795a   0x00000002   PAD
    0x0800795c   0x00000060   Code   RO         2387    i.ethDropMacAddr    ethernet.o
    0x080079bc   0x00000002   Code   RO         2388    i.ethDumpHeader     ethernet.o
    0x080079be   0x00000012   Code   RO         2389    i.ethInit           ethernet.o
    0x080079d0   0x00000038   Code   RO         2583    i.ethPadFrame       ethernet_misc.o
    0x08007a08   0x0000019c   Code   RO         2390    i.ethProcessFrame   ethernet.o
    0x08007ba4   0x00000138   Code   RO         2391    i.ethSendFrame      ethernet.o
    0x08007cdc   0x0000002a   Code   RO         2585    i.ethUpdateErrorStats  ethernet_misc.o
    0x08007d06   0x00000002   PAD
    0x08007d08   0x0000001c   Code   RO         2586    i.ethUpdateInStats  ethernet_misc.o
    0x08007d24   0x0000001c   Code   RO         2587    i.ethUpdateOutStats  ethernet_misc.o
    0x08007d40   0x00000008   Code   RO          251    i.ferror            retarget.o
    0x08007d48   0x000000d4   Code   RO         1038    i.formatSystemTime  date_time.o
    0x08007e1c   0x00000040   Code   RO          725    i.fputc             debug.o
    0x08007e5c   0x0000000a   Code   RO        12185    i.gpio_bits_write   at32f435_437_gpio.o
    0x08007e66   0x00000014   Code   RO        12186    i.gpio_default_para_init  at32f435_437_gpio.o
    0x08007e7a   0x0000007a   Code   RO        12187    i.gpio_init         at32f435_437_gpio.o
    0x08007ef4   0x00000042   Code   RO        12192    i.gpio_pin_mux_config  at32f435_437_gpio.o
    0x08007f36   0x00000002   PAD
    0x08007f38   0x00000040   Code   RO         6912    i.httpCloseStream   http_server.o
    0x08007f78   0x00000038   Code   RO         7047    i.httpCompExtension  http_server_misc.o
    0x08007fb0   0x000002cc   Code   RO         6913    i.httpConnectionTask  http_server.o
    0x0800827c   0x00000072   Code   RO         7049    i.httpDecodePercentEncodedString  http_server_misc.o
    0x080082ee   0x00000002   PAD
    0x080082f0   0x00000300   Code   RO         7050    i.httpFormatResponseHeader  http_server_misc.o
    0x080085f0   0x0000002c   Code   RO         7051    i.httpGetAbsolutePath  http_server_misc.o
    0x0800861c   0x00000042   Code   RO         7052    i.httpInitResponseHeader  http_server_misc.o
    0x0800865e   0x00000002   PAD
    0x08008660   0x00000114   Code   RO         6914    i.httpListenerTask  http_server.o
    0x08008774   0x00000002   Code   RO         7053    i.httpParseAcceptEncodingField  http_server_misc.o
    0x08008776   0x00000002   PAD
    0x08008778   0x00000020   Code   RO         7014    i.httpParseAuthorizationField  http_server_auth.o
    0x08008798   0x00000068   Code   RO         7054    i.httpParseConnectionField  http_server_misc.o
    0x08008800   0x00000002   Code   RO         7055    i.httpParseContentTypeField  http_server_misc.o
    0x08008802   0x00000002   PAD
    0x08008804   0x00000114   Code   RO         7057    i.httpParseHeaderField  http_server_misc.o
    0x08008918   0x00000130   Code   RO         7058    i.httpParseRequestLine  http_server_misc.o
    0x08008a48   0x000000cc   Code   RO         7060    i.httpReadHeaderField  http_server_misc.o
    0x08008b14   0x0000011c   Code   RO         7061    i.httpReadRequestHeader  http_server_misc.o
    0x08008c30   0x00000028   Code   RO         7062    i.httpReceive       http_server_misc.o
    0x08008c58   0x00000022   Code   RO         7063    i.httpSend          http_server_misc.o
    0x08008c7a   0x00000002   PAD
    0x08008c7c   0x000000c8   Code   RO         6916    i.httpSendErrorResponse  http_server.o
    0x08008d44   0x00000078   Code   RO         6918    i.httpSendResponse  http_server.o
    0x08008dbc   0x00000328   Code   RO          295    i.httpServerCgiCallback  main.o
    0x080090e4   0x00000050   Code   RO         6919    i.httpServerGetDefaultSettings  http_server.o
    0x08009134   0x00000108   Code   RO         6920    i.httpServerInit    http_server.o
    0x0800923c   0x00000008   Code   RO          296    i.httpServerRequestCallback  main.o
    0x08009244   0x000000c4   Code   RO         6921    i.httpServerStart   http_server.o
    0x08009308   0x00000008   Code   RO          297    i.httpServerUriNotFoundCallback  main.o
    0x08009310   0x00000032   Code   RO         6923    i.httpWriteHeader   http_server.o
    0x08009342   0x00000002   PAD
    0x08009344   0x000000a8   Code   RO         6924    i.httpWriteStream   http_server.o
    0x080093ec   0x00000002   Code   RO         3329    i.icmpDumpEchoMessage  icmp.o
    0x080093ee   0x00000002   Code   RO         3330    i.icmpDumpErrorMessage  icmp.o
    0x080093f0   0x00000002   Code   RO         3331    i.icmpDumpMessage   icmp.o
    0x080093f2   0x00000002   PAD
    0x080093f4   0x00000138   Code   RO         3334    i.icmpProcessEchoRequest  icmp.o
    0x0800952c   0x00000060   Code   RO         3335    i.icmpProcessMessage  icmp.o
    0x0800958c   0x00000120   Code   RO         3336    i.icmpSendErrorMessage  icmp.o
    0x080096ac   0x00000036   Code   RO         3337    i.icmpUpdateInStats  icmp.o
    0x080096e2   0x00000036   Code   RO         3338    i.icmpUpdateOutStats  icmp.o
    0x08009718   0x00000002   Code   RO         4197    i.icmpv6DumpDestUnreachableMessage  icmpv6.o
    0x0800971a   0x00000002   Code   RO         4198    i.icmpv6DumpEchoMessage  icmpv6.o
    0x0800971c   0x00000002   Code   RO         4199    i.icmpv6DumpErrorMessage  icmpv6.o
    0x0800971e   0x00000002   Code   RO         4200    i.icmpv6DumpMessage  icmpv6.o
    0x08009720   0x00000002   Code   RO         4201    i.icmpv6DumpPacketTooBigMessage  icmpv6.o
    0x08009722   0x00000034   Code   RO         4204    i.icmpv6ProcessDestUnreachable  icmpv6.o
    0x08009756   0x00000002   PAD
    0x08009758   0x00000128   Code   RO         4205    i.icmpv6ProcessEchoRequest  icmpv6.o
    0x08009880   0x00000122   Code   RO         4206    i.icmpv6ProcessMessage  icmpv6.o
    0x080099a2   0x00000060   Code   RO         4207    i.icmpv6ProcessPacketTooBig  icmpv6.o
    0x08009a02   0x00000002   PAD
    0x08009a04   0x00000174   Code   RO         4208    i.icmpv6SendErrorMessage  icmpv6.o
    0x08009b78   0x00000002   Code   RO         3470    i.igmpDumpMessage   igmp_common.o
    0x08009b7a   0x00000002   PAD
    0x08009b7c   0x00000024   Code   RO         3395    i.igmpHostInit      igmp_host.o
    0x08009ba0   0x0000004c   Code   RO         3396    i.igmpHostJoinGroup  igmp_host.o
    0x08009bec   0x0000001c   Code   RO         3397    i.igmpHostLeaveGroup  igmp_host.o
    0x08009c08   0x0000008c   Code   RO         3398    i.igmpHostLinkChangeEvent  igmp_host.o
    0x08009c94   0x000000bc   Code   RO         3434    i.igmpHostProcessMembershipQuery  igmp_host_misc.o
    0x08009d50   0x00000048   Code   RO         3435    i.igmpHostProcessMembershipReport  igmp_host_misc.o
    0x08009d98   0x00000032   Code   RO         3436    i.igmpHostProcessMessage  igmp_host_misc.o
    0x08009dca   0x00000002   PAD
    0x08009dcc   0x0000005c   Code   RO         3437    i.igmpHostSendLeaveGroup  igmp_host_misc.o
    0x08009e28   0x0000005c   Code   RO         3438    i.igmpHostSendMembershipReport  igmp_host_misc.o
    0x08009e84   0x0000005c   Code   RO         3399    i.igmpHostTick      igmp_host.o
    0x08009ee0   0x0000002c   Code   RO         3471    i.igmpInit          igmp_common.o
    0x08009f0c   0x0000000c   Code   RO         3472    i.igmpLinkChangeEvent  igmp_common.o
    0x08009f18   0x00000050   Code   RO         3473    i.igmpProcessMessage  igmp_common.o
    0x08009f68   0x00000094   Code   RO         3474    i.igmpSendMessage   igmp_common.o
    0x08009ffc   0x0000000c   Code   RO         3475    i.igmpTick          igmp_common.o
    0x0800a008   0x00000038   Code   RO         4779    i.ipAddrToString    ip.o
    0x0800a040   0x00000022   Code   RO         4780    i.ipAllocBuffer     ip.o
    0x0800a062   0x00000082   Code   RO         4781    i.ipCalcChecksum    ip.o
    0x0800a0e4   0x000000ac   Code   RO         4782    i.ipCalcChecksumEx  ip.o
    0x0800a190   0x00000042   Code   RO         4784    i.ipCalcUpperLayerChecksumEx  ip.o
    0x0800a1d2   0x00000042   Code   RO         4788    i.ipIsLinkLocalAddr  ip.o
    0x0800a214   0x00000036   Code   RO         4789    i.ipIsMulticastAddr  ip.o
    0x0800a24a   0x00000038   Code   RO         4792    i.ipLeaveMulticastGroup  ip.o
    0x0800a282   0x00000046   Code   RO         4794    i.ipSendDatagram    ip.o
    0x0800a2c8   0x0000003a   Code   RO         3215    i.ipv4AddRouterAlertOption  ipv4_misc.o
    0x0800a302   0x00000002   PAD
    0x0800a304   0x00000038   Code   RO         2883    i.ipv4AddrToString  ipv4.o
    0x0800a33c   0x0000006e   Code   RO         3216    i.ipv4CheckDestAddr  ipv4_misc.o
    0x0800a3aa   0x00000020   Code   RO         3217    i.ipv4CheckSourceAddr  ipv4_misc.o
    0x0800a3ca   0x00000002   Code   RO         2884    i.ipv4DumpHeader    ipv4.o
    0x0800a3cc   0x00000002   Code   RO         3059    i.ipv4DumpHoleList  ipv4_frag.o
    0x0800a3ce   0x00000014   Code   RO         3060    i.ipv4FindHole      ipv4_frag.o
    0x0800a3e2   0x00000026   Code   RO         3061    i.ipv4FlushFragQueue  ipv4_frag.o
    0x0800a408   0x00000082   Code   RO         3062    i.ipv4FragTick      ipv4_frag.o
    0x0800a48a   0x000000ca   Code   RO         3063    i.ipv4FragmentDatagram  ipv4_frag.o
    0x0800a554   0x0000003e   Code   RO         3219    i.ipv4GetAddrScope  ipv4_misc.o
    0x0800a592   0x00000022   Code   RO         3220    i.ipv4GetBroadcastAddr  ipv4_misc.o
    0x0800a5b4   0x00000012   Code   RO         2885    i.ipv4GetDefaultGateway  ipv4.o
    0x0800a5c6   0x00000002   PAD
    0x0800a5c8   0x00000040   Code   RO         2886    i.ipv4GetDefaultGatewayEx  ipv4.o
    0x0800a608   0x0000003c   Code   RO         2887    i.ipv4GetDnsServer  ipv4.o
    0x0800a644   0x00000012   Code   RO         2888    i.ipv4GetHostAddr   ipv4.o
    0x0800a656   0x00000002   PAD
    0x0800a658   0x00000050   Code   RO         2889    i.ipv4GetHostAddrEx  ipv4.o
    0x0800a6a8   0x0000002a   Code   RO         3221    i.ipv4GetPrefixLength  ipv4_misc.o
    0x0800a6d2   0x00000012   Code   RO         2890    i.ipv4GetSubnetMask  ipv4.o
    0x0800a6e4   0x00000040   Code   RO         2891    i.ipv4GetSubnetMaskEx  ipv4.o
    0x0800a724   0x00000050   Code   RO         2892    i.ipv4Init          ipv4.o
    0x0800a774   0x0000004a   Code   RO         3222    i.ipv4IsBroadcastAddr  ipv4_misc.o
    0x0800a7be   0x00000002   PAD
    0x0800a7c0   0x00000054   Code   RO         3223    i.ipv4IsLocalHostAddr  ipv4_misc.o
    0x0800a814   0x00000034   Code   RO         3224    i.ipv4IsOnLink      ipv4_misc.o
    0x0800a848   0x00000030   Code   RO         3225    i.ipv4IsTentativeAddr  ipv4_misc.o
    0x0800a878   0x0000009a   Code   RO         2893    i.ipv4JoinMulticastGroup  ipv4.o
    0x0800a912   0x0000007a   Code   RO         2894    i.ipv4LeaveMulticastGroup  ipv4.o
    0x0800a98c   0x00000032   Code   RO         2895    i.ipv4LinkChangeEvent  ipv4.o
    0x0800a9be   0x00000032   Code   RO         3226    i.ipv4MapMulticastAddrToMac  ipv4_misc.o
    0x0800a9f0   0x0000010c   Code   RO         2896    i.ipv4ProcessDatagram  ipv4.o
    0x0800aafc   0x000000f6   Code   RO         2897    i.ipv4ProcessPacket  ipv4.o
    0x0800abf2   0x0000021e   Code   RO         3064    i.ipv4ReassembleDatagram  ipv4_frag.o
    0x0800ae10   0x000000f2   Code   RO         3065    i.ipv4SearchFragQueue  ipv4_frag.o
    0x0800af02   0x0000003c   Code   RO         3227    i.ipv4SelectDefaultGateway  ipv4_misc.o
    0x0800af3e   0x00000002   PAD
    0x0800af40   0x00000164   Code   RO         3228    i.ipv4SelectSourceAddr  ipv4_misc.o
    0x0800b0a4   0x00000066   Code   RO         2898    i.ipv4SendDatagram  ipv4.o
    0x0800b10a   0x00000002   PAD
    0x0800b10c   0x00000244   Code   RO         2899    i.ipv4SendPacket    ipv4.o
    0x0800b350   0x00000012   Code   RO         2900    i.ipv4SetDefaultGateway  ipv4.o
    0x0800b362   0x00000002   PAD
    0x0800b364   0x00000044   Code   RO         2901    i.ipv4SetDefaultGatewayEx  ipv4.o
    0x0800b3a8   0x00000040   Code   RO         2903    i.ipv4SetDnsServer  ipv4.o
    0x0800b3e8   0x00000012   Code   RO         2904    i.ipv4SetHostAddr   ipv4.o
    0x0800b3fa   0x00000002   PAD
    0x0800b3fc   0x00000058   Code   RO         2905    i.ipv4SetHostAddrEx  ipv4.o
    0x0800b454   0x00000012   Code   RO         2906    i.ipv4SetSubnetMask  ipv4.o
    0x0800b466   0x00000002   PAD
    0x0800b468   0x00000038   Code   RO         2907    i.ipv4SetSubnetMaskEx  ipv4.o
    0x0800b4a0   0x0000007e   Code   RO         2908    i.ipv4StringToAddr  ipv4.o
    0x0800b51e   0x00000020   Code   RO         3230    i.ipv4UpdateErrorStats  ipv4_misc.o
    0x0800b53e   0x00000016   Code   RO         3231    i.ipv4UpdateInStats  ipv4_misc.o
    0x0800b554   0x00000016   Code   RO         3232    i.ipv4UpdateOutStats  ipv4_misc.o
    0x0800b56a   0x0000006e   Code   RO         4006    i.ipv6AddDefaultRouter  ipv6_misc.o
    0x0800b5d8   0x000000c8   Code   RO         4007    i.ipv6AddPrefix     ipv6_misc.o
    0x0800b6a0   0x000000a4   Code   RO         3524    i.ipv6AddrToString  ipv6.o
    0x0800b744   0x000000a8   Code   RO         4008    i.ipv6CheckDestAddr  ipv6_misc.o
    0x0800b7ec   0x00000010   Code   RO         4009    i.ipv6CheckSourceAddr  ipv6_misc.o
    0x0800b7fc   0x00000054   Code   RO         4010    i.ipv6CompPrefix    ipv6_misc.o
    0x0800b850   0x00000030   Code   RO         4011    i.ipv6ComputeSolicitedNodeAddr  ipv6_misc.o
    0x0800b880   0x00000002   Code   RO         3525    i.ipv6DumpHeader    ipv6.o
    0x0800b882   0x00000002   Code   RO         3852    i.ipv6DumpHoleList  ipv6_frag.o
    0x0800b884   0x00000014   Code   RO         3853    i.ipv6FindHole      ipv6_frag.o
    0x0800b898   0x0000003c   Code   RO         4012    i.ipv6FlushAddrList  ipv6_misc.o
    0x0800b8d4   0x00000034   Code   RO         4013    i.ipv6FlushDefaultRouterList  ipv6_misc.o
    0x0800b908   0x00000010   Code   RO         4014    i.ipv6FlushDnsServerList  ipv6_misc.o
    0x0800b918   0x0000002a   Code   RO         3854    i.ipv6FlushFragQueue  ipv6_frag.o
    0x0800b942   0x00000002   PAD
    0x0800b944   0x0000003c   Code   RO         4015    i.ipv6FlushPrefixList  ipv6_misc.o
    0x0800b980   0x00000086   Code   RO         3855    i.ipv6FragTick      ipv6_frag.o
    0x0800ba06   0x000000e8   Code   RO         3856    i.ipv6FragmentDatagram  ipv6_frag.o
    0x0800baee   0x00000020   Code   RO         4016    i.ipv6GenerateLinkLocalAddr  ipv6_misc.o
    0x0800bb0e   0x00000002   PAD
    0x0800bb10   0x00000058   Code   RO         4017    i.ipv6GetAddrScope  ipv6_misc.o
    0x0800bb68   0x0000004c   Code   RO         4019    i.ipv6GetCommonPrefixLength  ipv6_misc.o
    0x0800bbb4   0x00000064   Code   RO         3527    i.ipv6GetDefaultRouter  ipv6.o
    0x0800bc18   0x0000004c   Code   RO         3528    i.ipv6GetDnsServer  ipv6.o
    0x0800bc64   0x00000074   Code   RO         3529    i.ipv6GetGlobalAddr  ipv6.o
    0x0800bcd8   0x0000004c   Code   RO         3531    i.ipv6GetLinkLocalAddr  ipv6.o
    0x0800bd24   0x0000000e   Code   RO         3532    i.ipv6GetLinkLocalAddrState  ipv6.o
    0x0800bd32   0x00000010   Code   RO         4020    i.ipv6GetMulticastAddrScope  ipv6_misc.o
    0x0800bd42   0x00000022   Code   RO         4179    i.ipv6GetPathMtu    ipv6_pmtu.o
    0x0800bd64   0x0000007c   Code   RO         3534    i.ipv6GetPrefix     ipv6.o
    0x0800bde0   0x0000007a   Code   RO         3535    i.ipv6Init          ipv6.o
    0x0800be5a   0x00000002   PAD
    0x0800be5c   0x00000040   Code   RO         4021    i.ipv6IsAnycastAddr  ipv6_misc.o
    0x0800be9c   0x00000074   Code   RO         4022    i.ipv6IsLocalHostAddr  ipv6_misc.o
    0x0800bf10   0x00000050   Code   RO         4023    i.ipv6IsOnLink      ipv6_misc.o
    0x0800bf60   0x0000003a   Code   RO         4024    i.ipv6IsTentativeAddr  ipv6_misc.o
    0x0800bf9a   0x000000a0   Code   RO         3536    i.ipv6JoinMulticastGroup  ipv6.o
    0x0800c03a   0x00000002   PAD
    0x0800c03c   0x00000084   Code   RO         3537    i.ipv6LeaveMulticastGroup  ipv6.o
    0x0800c0c0   0x000000a0   Code   RO         3538    i.ipv6LinkChangeEvent  ipv6.o
    0x0800c160   0x00000026   Code   RO         4025    i.ipv6MapMulticastAddrToMac  ipv6_misc.o
    0x0800c186   0x0000000a   Code   RO         3539    i.ipv6ParseAhHeader  ipv6.o
    0x0800c190   0x00000078   Code   RO         3540    i.ipv6ParseDestOptHeader  ipv6.o
    0x0800c208   0x0000000a   Code   RO         3541    i.ipv6ParseEspHeader  ipv6.o
    0x0800c212   0x000002de   Code   RO         3857    i.ipv6ParseFragmentHeader  ipv6_frag.o
    0x0800c4f0   0x000000a4   Code   RO         3542    i.ipv6ParseHopByHopOptHeader  ipv6.o
    0x0800c594   0x000000da   Code   RO         3543    i.ipv6ParseOptions  ipv6.o
    0x0800c66e   0x00000082   Code   RO         3544    i.ipv6ParseRoutingHeader  ipv6.o
    0x0800c6f0   0x0000024a   Code   RO         3545    i.ipv6ProcessPacket  ipv6.o
    0x0800c93a   0x00000002   PAD
    0x0800c93c   0x00000058   Code   RO         4027    i.ipv6RemoveDefaultRouter  ipv6_misc.o
    0x0800c994   0x00000058   Code   RO         4028    i.ipv6RemovePrefix  ipv6_misc.o
    0x0800c9ec   0x00000100   Code   RO         3858    i.ipv6SearchFragQueue  ipv6_frag.o
    0x0800caec   0x00000140   Code   RO         4029    i.ipv6SelectSourceAddr  ipv6_misc.o
    0x0800cc2c   0x00000066   Code   RO         3546    i.ipv6SendDatagram  ipv6.o
    0x0800cc92   0x00000002   PAD
    0x0800cc94   0x0000029c   Code   RO         3547    i.ipv6SendPacket    ipv6.o
    0x0800cf30   0x000000ec   Code   RO         4030    i.ipv6SetAddr       ipv6_misc.o
    0x0800d01c   0x00000002   Code   RO         4031    i.ipv6UpdateInStats  ipv6_misc.o
    0x0800d01e   0x00000002   Code   RO         4032    i.ipv6UpdateOutStats  ipv6_misc.o
    0x0800d020   0x00000022   Code   RO         4180    i.ipv6UpdatePathMtu  ipv6_pmtu.o
    0x0800d042   0x0000001e   Code   RO          298    i.ledTask           main.o
    0x0800d060   0x0000007a   Code   RO         6621    i.llmnrFormatIpv4AddrRecord  llmnr_responder.o
    0x0800d0da   0x00000086   Code   RO         6622    i.llmnrFormatIpv6AddrRecord  llmnr_responder.o
    0x0800d160   0x0000012e   Code   RO         6623    i.llmnrProcessQuery  llmnr_responder.o
    0x0800d28e   0x00000002   PAD
    0x0800d290   0x0000004c   Code   RO         6624    i.llmnrResponderInit  llmnr_responder.o
    0x0800d2dc   0x000001f4   Code   RO         6625    i.llmnrSendResponse  llmnr_responder.o
    0x0800d4d0   0x0000002a   Code   RO         2394    i.macAddrToEui64    ethernet.o
    0x0800d4fa   0x00000002   PAD
    0x0800d4fc   0x00000050   Code   RO         2395    i.macAddrToString   ethernet.o
    0x0800d54c   0x000000ba   Code   RO         2396    i.macStringToAddr   ethernet.o
    0x0800d606   0x00000002   PAD
    0x0800d608   0x000006c0   Code   RO          299    i.main              main.o
    0x0800dcc8   0x00000044   Code   RO         1596    i.memPoolAlloc      net_mem.o
    0x0800dd0c   0x0000000c   Code   RO         1597    i.memPoolFree       net_mem.o
    0x0800dd18   0x00000004   Code   RO         1599    i.memPoolInit       net_mem.o
    0x0800dd1c   0x00000012   Code   RO         7788    i.mibCompMacAddr    mib_common.o
    0x0800dd2e   0x00000026   Code   RO         7789    i.mibDecodeIndex    mib_common.o
    0x0800dd54   0x00000040   Code   RO         7793    i.mibDecodeMacAddr  mib_common.o
    0x0800dd94   0x00000038   Code   RO         7797    i.mibDecodePort     mib_common.o
    0x0800ddcc   0x0000001c   Code   RO         7800    i.mibEncodeIndex    mib_common.o
    0x0800dde8   0x00000030   Code   RO         7804    i.mibEncodeMacAddr  mib_common.o
    0x0800de18   0x0000001c   Code   RO         7808    i.mibEncodePort     mib_common.o
    0x0800de34   0x00000024   Code   RO         7811    i.mibTestAndIncSpinLock  mib_common.o
    0x0800de58   0x00000054   Code   RO         7157    i.mimeGetType       mime.o
    0x0800deac   0x00000002   Code   RO         4275    i.mldDumpMessage    mld.o
    0x0800deae   0x00000006   Code   RO         4276    i.mldInit           mld.o
    0x0800deb4   0x00000074   Code   RO         4277    i.mldLinkChangeEvent  mld.o
    0x0800df28   0x000000e8   Code   RO         4278    i.mldProcessListenerQuery  mld.o
    0x0800e010   0x0000008a   Code   RO         4279    i.mldProcessListenerReport  mld.o
    0x0800e09a   0x00000002   PAD
    0x0800e09c   0x000000e8   Code   RO         4280    i.mldSendListenerDone  mld.o
    0x0800e184   0x000000e4   Code   RO         4281    i.mldSendListenerReport  mld.o
    0x0800e268   0x00000050   Code   RO         4282    i.mldStartListening  mld.o
    0x0800e2b8   0x0000001c   Code   RO         4283    i.mldStopListening  mld.o
    0x0800e2d4   0x00000042   Code   RO         4284    i.mldTick           mld.o
    0x0800e316   0x000000d8   Code   RO         6579    i.nbnsCompareName   nbns_common.o
    0x0800e3ee   0x00000078   Code   RO         6580    i.nbnsEncodeName    nbns_common.o
    0x0800e466   0x00000002   PAD
    0x0800e468   0x00000020   Code   RO         6581    i.nbnsInit          nbns_common.o
    0x0800e488   0x000000be   Code   RO         6582    i.nbnsParseName     nbns_common.o
    0x0800e546   0x0000007c   Code   RO         6583    i.nbnsProcessMessage  nbns_common.o
    0x0800e5c2   0x0000008c   Code   RO         6561    i.nbnsProcessQuery  nbns_responder.o
    0x0800e64e   0x00000002   PAD
    0x0800e650   0x00000100   Code   RO         6537    i.nbnsProcessResponse  nbns_client.o
    0x0800e750   0x000000f4   Code   RO         6539    i.nbnsSendQuery     nbns_client.o
    0x0800e844   0x0000015c   Code   RO         6562    i.nbnsSendResponse  nbns_responder.o
    0x0800e9a0   0x00000054   Code   RO         4641    i.ndpAddOption      ndp_misc.o
    0x0800e9f4   0x00000010   Code   RO         4575    i.ndpChangeState    ndp_cache.o
    0x0800ea04   0x00000024   Code   RO         4642    i.ndpCheckOptions   ndp_misc.o
    0x0800ea28   0x00000060   Code   RO         4576    i.ndpCreateDestCacheEntry  ndp_cache.o
    0x0800ea88   0x00000092   Code   RO         4577    i.ndpCreateNeighborCacheEntry  ndp_cache.o
    0x0800eb1a   0x00000002   Code   RO         4348    i.ndpDumpNeighborAdvMessage  ndp.o
    0x0800eb1c   0x00000002   Code   RO         4349    i.ndpDumpNeighborSolMessage  ndp.o
    0x0800eb1e   0x00000002   Code   RO         4350    i.ndpDumpRedirectMessage  ndp.o
    0x0800eb20   0x00000002   Code   RO         4351    i.ndpDumpRouterAdvMessage  ndp.o
    0x0800eb22   0x00000002   Code   RO         4352    i.ndpDumpRouterSolMessage  ndp.o
    0x0800eb24   0x0000010c   Code   RO         4354    i.ndpEnqueuePacket  ndp.o
    0x0800ec30   0x00000034   Code   RO         4578    i.ndpFindDestCacheEntry  ndp_cache.o
    0x0800ec64   0x0000003c   Code   RO         4579    i.ndpFindNeighborCacheEntry  ndp_cache.o
    0x0800eca0   0x00000012   Code   RO         4580    i.ndpFlushDestCache  ndp_cache.o
    0x0800ecb2   0x00000036   Code   RO         4581    i.ndpFlushNeighborCache  ndp_cache.o
    0x0800ece8   0x00000056   Code   RO         4582    i.ndpFlushQueuedPackets  ndp_cache.o
    0x0800ed3e   0x00000040   Code   RO         4643    i.ndpGetOption      ndp_misc.o
    0x0800ed7e   0x0000003c   Code   RO         4355    i.ndpInit           ndp.o
    0x0800edba   0x00000062   Code   RO         4644    i.ndpIsFirstHopRouter  ndp_misc.o
    0x0800ee1c   0x0000003e   Code   RO         4356    i.ndpLinkChangeEvent  ndp.o
    0x0800ee5a   0x00000002   PAD
    0x0800ee5c   0x00000088   Code   RO         4645    i.ndpParsePrefixInfoOption  ndp_misc.o
    0x0800eee4   0x000001d8   Code   RO         4357    i.ndpProcessNeighborAdv  ndp.o
    0x0800f0bc   0x000001ec   Code   RO         4358    i.ndpProcessNeighborSol  ndp.o
    0x0800f2a8   0x000001e6   Code   RO         4359    i.ndpProcessRedirect  ndp.o
    0x0800f48e   0x00000254   Code   RO         4360    i.ndpProcessRouterAdv  ndp.o
    0x0800f6e2   0x000000a6   Code   RO         4362    i.ndpResolve        ndp.o
    0x0800f788   0x000000b0   Code   RO         4646    i.ndpSelectDefaultRouter  ndp_misc.o
    0x0800f838   0x00000060   Code   RO         4647    i.ndpSelectNextHop  ndp_misc.o
    0x0800f898   0x00000190   Code   RO         4363    i.ndpSendNeighborAdv  ndp.o
    0x0800fa28   0x00000128   Code   RO         4364    i.ndpSendNeighborSol  ndp.o
    0x0800fb50   0x00000082   Code   RO         4583    i.ndpSendQueuedPackets  ndp_cache.o
    0x0800fbd2   0x00000002   PAD
    0x0800fbd4   0x0000010c   Code   RO         4366    i.ndpSendRouterSol  ndp.o
    0x0800fce0   0x00000086   Code   RO         4367    i.ndpTick           ndp.o
    0x0800fd66   0x00000002   PAD
    0x0800fd68   0x00000128   Code   RO         4648    i.ndpUpdateAddrList  ndp_misc.o
    0x0800fe90   0x00000058   Code   RO         4649    i.ndpUpdateDefaultRouterList  ndp_misc.o
    0x0800fee8   0x00000110   Code   RO         4584    i.ndpUpdateNeighborCache  ndp_cache.o
    0x0800fff8   0x00000054   Code   RO         4650    i.ndpUpdateNextHop  ndp_misc.o
    0x0801004c   0x00000048   Code   RO         4651    i.ndpUpdatePrefixList  ndp_misc.o
    0x08010094   0x00000030   Code   RO         1804    i.netAttachTimerCallback  net_misc.o
    0x080100c4   0x00000046   Code   RO         1600    i.netBufferAlloc    net_mem.o
    0x0801010a   0x00000038   Code   RO         1601    i.netBufferAppend   net_mem.o
    0x08010142   0x0000003a   Code   RO         1602    i.netBufferAt       net_mem.o
    0x0801017c   0x000000be   Code   RO         1603    i.netBufferConcat   net_mem.o
    0x0801023a   0x0000013e   Code   RO         1604    i.netBufferCopy     net_mem.o
    0x08010378   0x00000014   Code   RO         1605    i.netBufferFree     net_mem.o
    0x0801038c   0x0000001e   Code   RO         1606    i.netBufferGetLength  net_mem.o
    0x080103aa   0x00000084   Code   RO         1607    i.netBufferRead     net_mem.o
    0x0801042e   0x000000ca   Code   RO         1608    i.netBufferSetLength  net_mem.o
    0x080104f8   0x00000084   Code   RO         1609    i.netBufferWrite    net_mem.o
    0x0801057c   0x00000124   Code   RO         1236    i.netConfigInterface  net.o
    0x080106a0   0x00000034   Code   RO         1806    i.netDetachTimerCallback  net_misc.o
    0x080106d4   0x00000028   Code   RO         1807    i.netGenerateRand   net_misc.o
    0x080106fc   0x000000ce   Code   RO         1808    i.netGenerateRandBit  net_misc.o
    0x080107ca   0x00000024   Code   RO         1810    i.netGenerateRandRange  net_misc.o
    0x080107ee   0x00000002   PAD
    0x080107f0   0x00000008   Code   RO         1238    i.netGetDefaultInterface  net.o
    0x080107f8   0x00000038   Code   RO         1243    i.netGetMacAddr     net.o
    0x08010830   0x00000030   Code   RO         1246    i.netGetRandRange   net.o
    0x08010860   0x00000148   Code   RO         1247    i.netInit           net.o
    0x080109a8   0x000000b4   Code   RO         1811    i.netInitRand       net_misc.o
    0x08010a5c   0x00000234   Code   RO         1812    i.netProcessLinkChange  net_misc.o
    0x08010c90   0x00000024   Code   RO         1249    i.netSetDriver      net.o
    0x08010cb4   0x0000003c   Code   RO         1252    i.netSetHostname    net.o
    0x08010cf0   0x0000003c   Code   RO         1254    i.netSetInterfaceName  net.o
    0x08010d2c   0x0000003c   Code   RO         1256    i.netSetMacAddr     net.o
    0x08010d68   0x00000028   Code   RO         1262    i.netSetSwitchDriver  net.o
    0x08010d90   0x00000014   Code   RO         1813    i.netStartTimer     net_misc.o
    0x08010da4   0x00000006   Code   RO         1814    i.netStopTimer      net_misc.o
    0x08010daa   0x00000002   PAD
    0x08010dac   0x00000118   Code   RO         1269    i.netTask           net.o
    0x08010ec4   0x000002a8   Code   RO         1815    i.netTick           net_misc.o
    0x0801116c   0x00000020   Code   RO         1816    i.netTimerExpired   net_misc.o
    0x0801118c   0x00000006   Code   RO         1817    i.netTimerRunning   net_misc.o
    0x08011192   0x00000002   Code   RO         2212    i.nicGetLogicalInterface  nic.o
    0x08011194   0x0000001e   Code   RO         2213    i.nicGetPhysicalInterface  nic.o
    0x080111b2   0x00000026   Code   RO         2214    i.nicGetSwitchPort  nic.o
    0x080111d8   0x00000028   Code   RO         2217    i.nicIsParentInterface  nic.o
    0x08011200   0x00000084   Code   RO         2218    i.nicNotifyLinkChange  nic.o
    0x08011284   0x00000084   Code   RO         2219    i.nicProcessPacket  nic.o
    0x08011308   0x00000078   Code   RO         2220    i.nicSendPacket     nic.o
    0x08011380   0x00000026   Code   RO         2221    i.nicTick           nic.o
    0x080113a6   0x0000002e   Code   RO         2222    i.nicUpdateMacAddrFilter  nic.o
    0x080113d4   0x00000044   Code   RO        15313    i.oidCheck          oid.o
    0x08011418   0x00000112   Code   RO        15314    i.oidComp           oid.o
    0x0801152a   0x00000046   Code   RO        15316    i.oidDecodeSubIdentifier  oid.o
    0x08011570   0x00000058   Code   RO        15317    i.oidEncodeSubIdentifier  oid.o
    0x080115c8   0x00000010   Code   RO          862    i.osAcquireMutex    os_port_freertos.o
    0x080115d8   0x00000010   Code   RO          863    i.osAllocMem        os_port_freertos.o
    0x080115e8   0x0000001c   Code   RO          864    i.osCreateEvent     os_port_freertos.o
    0x08011604   0x00000018   Code   RO          865    i.osCreateMutex     os_port_freertos.o
    0x0801161c   0x0000001c   Code   RO          866    i.osCreateSemaphore  os_port_freertos.o
    0x08011638   0x00000034   Code   RO          868    i.osCreateTask      os_port_freertos.o
    0x0801166c   0x0000000c   Code   RO          869    i.osDelayTask       os_port_freertos.o
    0x08011678   0x00000010   Code   RO          870    i.osDeleteEvent     os_port_freertos.o
    0x08011688   0x00000010   Code   RO          871    i.osDeleteMutex     os_port_freertos.o
    0x08011698   0x0000000c   Code   RO          873    i.osDeleteTask      os_port_freertos.o
    0x080116a4   0x0000000e   Code   RO          874    i.osFreeMem         os_port_freertos.o
    0x080116b2   0x0000000c   Code   RO          875    i.osGetSystemTime   os_port_freertos.o
    0x080116be   0x00000002   Code   RO          876    i.osInitKernel      os_port_freertos.o
    0x080116c0   0x00000012   Code   RO          877    i.osReleaseMutex    os_port_freertos.o
    0x080116d2   0x00000012   Code   RO          878    i.osReleaseSemaphore  os_port_freertos.o
    0x080116e4   0x0000000e   Code   RO          879    i.osResetEvent      os_port_freertos.o
    0x080116f2   0x00000010   Code   RO          880    i.osResumeAllTasks  os_port_freertos.o
    0x08011702   0x00000012   Code   RO          881    i.osSetEvent        os_port_freertos.o
    0x08011714   0x00000014   Code   RO          882    i.osSetEventFromIsr  os_port_freertos.o
    0x08011728   0x00000008   Code   RO          883    i.osStartKernel     os_port_freertos.o
    0x08011730   0x00000010   Code   RO          884    i.osSuspendAllTasks  os_port_freertos.o
    0x08011740   0x00000026   Code   RO          886    i.osWaitForEvent    os_port_freertos.o
    0x08011766   0x00000026   Code   RO          887    i.osWaitForSemaphore  os_port_freertos.o
    0x0801178c   0x0000009c   Code   RO         8067    i.pack_dump_prt     dm8x06_driver.o
    0x08011828   0x00000040   Code   RO         1132    i.pathAddSlash      path.o
    0x08011868   0x000001ec   Code   RO         1133    i.pathCanonicalize  path.o
    0x08011a54   0x00000062   Code   RO         1134    i.pathCombine       path.o
    0x08011ab6   0x00000002   PAD
    0x08011ab8   0x00000098   Code   RO         8535    i.prvAddCurrentTaskToDelayedList  tasks.o
    0x08011b50   0x000000b4   Code   RO         8536    i.prvAddNewTaskToReadyList  tasks.o
    0x08011c04   0x00000048   Code   RO         8537    i.prvCheckTasksWaitingTermination  tasks.o
    0x08011c4c   0x0000007e   Code   RO         8366    i.prvCopyDataToQueue  queue.o
    0x08011cca   0x00000012   Code   RO         8538    i.prvDeleteTCB      tasks.o
    0x08011cdc   0x00000014   Code   RO         8367    i.prvGetDisinheritPriorityAfterTimeout  queue.o
    0x08011cf0   0x00000028   Code   RO         8539    i.prvIdleTask       tasks.o
    0x08011d18   0x0000001e   Code   RO         8368    i.prvInitialiseMutex  queue.o
    0x08011d36   0x00000026   Code   RO         8369    i.prvInitialiseNewQueue  queue.o
    0x08011d5c   0x0000009c   Code   RO         8540    i.prvInitialiseNewTask  tasks.o
    0x08011df8   0x00000068   Code   RO         8541    i.prvInitialiseTaskLists  tasks.o
    0x08011e60   0x0000001a   Code   RO         8370    i.prvIsQueueEmpty   queue.o
    0x08011e7a   0x0000001e   Code   RO         8371    i.prvIsQueueFull    queue.o
    0x08011e98   0x00000030   Code   RO         8542    i.prvResetNextTaskUnblockTime  tasks.o
    0x08011ec8   0x00000016   Code   RO         8251    i.prvTaskExitError  port.o
    0x08011ede   0x0000007e   Code   RO         8372    i.prvUnlockQueue    queue.o
    0x08011f5c   0x00000018   Code   RO         8912    i.pvPortMalloc      heap_3.o
    0x08011f74   0x00000020   Code   RO         8545    i.pvTaskIncrementMutexHeldCount  tasks.o
    0x08011f94   0x0000002c   Code   RO         8252    i.pxPortInitialiseStack  port.o
    0x08011fc0   0x00000128   Code   RO         1217    i.resGetData        resource_manager.o
    0x080120e8   0x00000014   Code   RO        12829    i.scfg_emac_interface_set  at32f435_437_scfg.o
    0x080120fc   0x000001fc   Code   RO         4743    i.slaacDumpConfig   slaac_misc.o
    0x080122f8   0x0000006a   Code   RO         4744    i.slaacGenerateLinkLocalAddr  slaac_misc.o
    0x08012362   0x00000014   Code   RO         4713    i.slaacGetDefaultSettings  slaac.o
    0x08012376   0x00000002   PAD
    0x08012378   0x00000064   Code   RO         4714    i.slaacInit         slaac.o
    0x080123dc   0x00000044   Code   RO         4745    i.slaacLinkChangeEvent  slaac_misc.o
    0x08012420   0x000001ec   Code   RO         4746    i.slaacParsePrefixInfoOption  slaac_misc.o
    0x0801260c   0x000000c6   Code   RO         4747    i.slaacParseRouterAdv  slaac_misc.o
    0x080126d2   0x00000002   PAD
    0x080126d4   0x00000068   Code   RO         4715    i.slaacStart        slaac.o
    0x0801273c   0x0000007c   Code   RO         7225    i.snmpAgentCreateCommunity  snmp_agent.o
    0x080127b8   0x00000022   Code   RO         7228    i.snmpAgentDeinit   snmp_agent.o
    0x080127da   0x00000018   Code   RO         7233    i.snmpAgentGetDefaultSettings  snmp_agent.o
    0x080127f2   0x00000002   PAD
    0x080127f4   0x000000a0   Code   RO         7235    i.snmpAgentInit     snmp_agent.o
    0x08012894   0x0000008a   Code   RO         7238    i.snmpAgentLoadMib  snmp_agent.o
    0x0801291e   0x00000002   PAD
    0x08012920   0x000000e4   Code   RO         7246    i.snmpAgentStart    snmp_agent.o
    0x08012a04   0x000001e0   Code   RO         7248    i.snmpAgentTask     snmp_agent.o
    0x08012be4   0x0000004e   Code   RO         7476    i.snmpComputeMessageOverhead  snmp_agent_message.o
    0x08012c32   0x00000030   Code   RO         7612    i.snmpCopyVarBindingList  snmp_agent_misc.o
    0x08012c62   0x0000006a   Code   RO         7613    i.snmpCreateCommunityEntry  snmp_agent_misc.o
    0x08012ccc   0x00000042   Code   RO         7477    i.snmpDecodeInt32   snmp_agent_message.o
    0x08012d0e   0x00000040   Code   RO         7478    i.snmpDecodeUnsignedInt32  snmp_agent_message.o
    0x08012d4e   0x00000050   Code   RO         7479    i.snmpDecodeUnsignedInt64  snmp_agent_message.o
    0x08012d9e   0x0000006a   Code   RO         7480    i.snmpEncodeInt32   snmp_agent_message.o
    0x08012e08   0x0000005e   Code   RO         7481    i.snmpEncodeUnsignedInt32  snmp_agent_message.o
    0x08012e66   0x00000064   Code   RO         7482    i.snmpEncodeUnsignedInt64  snmp_agent_message.o
    0x08012eca   0x0000007a   Code   RO         7614    i.snmpFindCommunityEntry  snmp_agent_misc.o
    0x08012f44   0x00000198   Code   RO         7677    i.snmpFindMibObject  snmp_agent_object.o
    0x080130dc   0x00000246   Code   RO         7678    i.snmpGetNextObject  snmp_agent_object.o
    0x08013322   0x00000002   PAD
    0x08013324   0x00000210   Code   RO         7679    i.snmpGetObjectValue  snmp_agent_object.o
    0x08013534   0x00000036   Code   RO         7483    i.snmpInitMessage   snmp_agent_message.o
    0x0801356a   0x00000038   Code   RO         7484    i.snmpInitResponse  snmp_agent_message.o
    0x080135a2   0x00000002   PAD
    0x080135a4   0x00000044   Code   RO         7615    i.snmpLockMib       snmp_agent_misc.o
    0x080135e8   0x0000008c   Code   RO         7943    i.snmpMibGetNextSysOREntry  snmp_mib_impl.o
    0x08013674   0x00000018   Code   RO         7944    i.snmpMibGetSnmpSetSerialNo  snmp_mib_impl.o
    0x0801368c   0x00000104   Code   RO         7945    i.snmpMibGetSysOREntry  snmp_mib_impl.o
    0x08013790   0x00000020   Code   RO         7946    i.snmpMibGetSysUpTime  snmp_mib_impl.o
    0x080137b0   0x000000e4   Code   RO         7947    i.snmpMibInit       snmp_mib_impl.o
    0x08013894   0x00000010   Code   RO         7948    i.snmpMibLoad       snmp_mib_impl.o
    0x080138a4   0x00000002   Code   RO         7949    i.snmpMibLock       snmp_mib_impl.o
    0x080138a6   0x00000002   PAD
    0x080138a8   0x00000024   Code   RO         7950    i.snmpMibSetSnmpSetSerialNo  snmp_mib_impl.o
    0x080138cc   0x0000000c   Code   RO         7951    i.snmpMibUnload     snmp_mib_impl.o
    0x080138d8   0x00000002   Code   RO         7952    i.snmpMibUnlock     snmp_mib_impl.o
    0x080138da   0x00000054   Code   RO         7485    i.snmpParseCommunity  snmp_agent_message.o
    0x0801392e   0x00000068   Code   RO         7487    i.snmpParseMessageHeader  snmp_agent_message.o
    0x08013996   0x00000110   Code   RO         7488    i.snmpParsePduHeader  snmp_agent_message.o
    0x08013aa6   0x000000a6   Code   RO         7616    i.snmpParseVarBinding  snmp_agent_misc.o
    0x08013b4c   0x000001d8   Code   RO         7708    i.snmpProcessGetBulkRequestPdu  snmp_agent_pdu.o
    0x08013d24   0x000001ec   Code   RO         7709    i.snmpProcessGetRequestPdu  snmp_agent_pdu.o
    0x08013f10   0x000000e0   Code   RO         7436    i.snmpProcessMessage  snmp_agent_dispatch.o
    0x08013ff0   0x00000084   Code   RO         7710    i.snmpProcessPdu    snmp_agent_pdu.o
    0x08014074   0x00000128   Code   RO         7711    i.snmpProcessSetRequestPdu  snmp_agent_pdu.o
    0x0801419c   0x00000190   Code   RO         7680    i.snmpSetObjectValue  snmp_agent_object.o
    0x0801432c   0x0000019a   Code   RO         7617    i.snmpTranslateStatusCode  snmp_agent_misc.o
    0x080144c6   0x00000002   PAD
    0x080144c8   0x00000044   Code   RO         7618    i.snmpUnlockMib     snmp_agent_misc.o
    0x0801450c   0x00000050   Code   RO         7491    i.snmpWriteCommunity  snmp_agent_message.o
    0x0801455c   0x00000006   Code   RO         7492    i.snmpWriteGlobalData  snmp_agent_message.o
    0x08014562   0x000000c0   Code   RO         7493    i.snmpWriteMessageHeader  snmp_agent_message.o
    0x08014622   0x000001ee   Code   RO         7494    i.snmpWritePduHeader  snmp_agent_message.o
    0x08014810   0x00000006   Code   RO         7496    i.snmpWriteSecurityParameters  snmp_agent_message.o
    0x08014816   0x0000013a   Code   RO         7620    i.snmpWriteVarBinding  snmp_agent_misc.o
    0x08014950   0x0000009c   Code   RO         7437    i.snmpv1ProcessMessage  snmp_agent_dispatch.o
    0x080149ec   0x00000044   Code   RO         7953    i.snmpv2MibGetSnmpTrapEnterprise  snmp_mib_impl.o
    0x08014a30   0x0000000c   Code   RO         7954    i.snmpv2MibGetSnmpTrapOID  snmp_mib_impl.o
    0x08014a3c   0x0000009c   Code   RO         7438    i.snmpv2cProcessMessage  snmp_agent_dispatch.o
    0x08014ad8   0x0000002c   Code   RO         5456    i.socketAccept      socket.o
    0x08014b04   0x000000b0   Code   RO         5694    i.socketAllocate    socket_misc.o
    0x08014bb4   0x00000038   Code   RO         5457    i.socketBind        socket.o
    0x08014bec   0x0000009c   Code   RO         5458    i.socketClose       socket.o
    0x08014c88   0x00000020   Code   RO         5695    i.socketGetEvents   socket_misc.o
    0x08014ca8   0x00000068   Code   RO         5465    i.socketInit        socket.o
    0x08014d10   0x00000034   Code   RO         5468    i.socketListen      socket.o
    0x08014d44   0x00000024   Code   RO         5469    i.socketOpen        socket.o
    0x08014d68   0x00000118   Code   RO         5470    i.socketPoll        socket.o
    0x08014e80   0x00000026   Code   RO         5471    i.socketReceive     socket.o
    0x08014ea6   0x00000002   PAD
    0x08014ea8   0x000000dc   Code   RO         5472    i.socketReceiveEx   socket.o
    0x08014f84   0x00000040   Code   RO         5474    i.socketReceiveMsg  socket.o
    0x08014fc4   0x00000044   Code   RO         5696    i.socketRegisterEvents  socket_misc.o
    0x08015008   0x00000026   Code   RO         5475    i.socketSend        socket.o
    0x0801502e   0x00000002   PAD
    0x08015030   0x0000003c   Code   RO         5476    i.socketSendMsg     socket.o
    0x0801506c   0x0000009c   Code   RO         5477    i.socketSendTo      socket.o
    0x08015108   0x0000000e   Code   RO         5479    i.socketSetInterface  socket.o
    0x08015116   0x00000002   PAD
    0x08015118   0x00000024   Code   RO         5484    i.socketSetTimeout  socket.o
    0x0801513c   0x00000044   Code   RO         5491    i.socketShutdown    socket.o
    0x08015180   0x0000001c   Code   RO         5697    i.socketUnregisterEvents  socket_misc.o
    0x0801519c   0x00000128   Code   RO         7172    i.ssiExecuteScript  ssi.o
    0x080152c4   0x000000bc   Code   RO         7173    i.ssiProcessCommand  ssi.o
    0x08015380   0x0000026c   Code   RO         7174    i.ssiProcessEchoCommand  ssi.o
    0x080155ec   0x000000f4   Code   RO         7175    i.ssiProcessExecCommand  ssi.o
    0x080156e0   0x000001bc   Code   RO         7176    i.ssiProcessIncludeCommand  ssi.o
    0x0801589c   0x00000054   Code   RO         7177    i.ssiSearchTag      ssi.o
    0x080158f0   0x00000010   Code   RO        16143    i.stpAckTopologyChange  stp_procedures.o
    0x08015900   0x0000004c   Code   RO        15953    i.stpAddStaticFdbEntry  stp_misc.o
    0x0801594c   0x0000001c   Code   RO        16144    i.stpBecomeDesignatedPort  stp_procedures.o
    0x08015968   0x0000001c   Code   RO        15954    i.stpCheckBridgeParams  stp_misc.o
    0x08015984   0x00000012   Code   RO        15955    i.stpCompareBridgeAddr  stp_misc.o
    0x08015996   0x0000002e   Code   RO        15956    i.stpCompareBridgeId  stp_misc.o
    0x080159c4   0x0000001e   Code   RO        15957    i.stpComparePortNum  stp_misc.o
    0x080159e2   0x00000036   Code   RO        16145    i.stpConfigBpduGeneration  stp_procedures.o
    0x08015a18   0x00000012   Code   RO        16146    i.stpConfigUpdate   stp_procedures.o
    0x08015a2a   0x00000002   PAD
    0x08015a2c   0x0000005c   Code   RO        15958    i.stpConfigurePermanentDatabase  stp_misc.o
    0x08015a88   0x00000044   Code   RO        15959    i.stpDeleteStaticFdbEntry  stp_misc.o
    0x08015acc   0x00000038   Code   RO        15695    i.stpDesignatedBridge  stp_conditions.o
    0x08015b04   0x00000026   Code   RO        15696    i.stpDesignatedPort  stp_conditions.o
    0x08015b2a   0x0000009a   Code   RO        16147    i.stpDesignatedPortSelection  stp_procedures.o
    0x08015bc4   0x00000006   Code   RO        15649    i.stpDumpBpdu       stp_bpdu.o
    0x08015bca   0x00000024   Code   RO        15960    i.stpEnableRsvdMcastTable  stp_misc.o
    0x08015bee   0x00000042   Code   RO        16089    i.stpForwardDelayTimerExpiry  stp_operation.o
    0x08015c30   0x00000030   Code   RO        15961    i.stpGeneratePortAddr  stp_misc.o
    0x08015c60   0x00000042   Code   RO        15962    i.stpGetBridgePort  stp_misc.o
    0x08015ca2   0x0000000a   Code   RO        15381    i.stpGetDefaultSettings  stp.o
    0x08015cac   0x00000028   Code   RO        15963    i.stpGetParamName   stp_misc.o
    0x08015cd4   0x00000016   Code   RO        16090    i.stpHelloTimerExpiry  stp_operation.o
    0x08015cea   0x00000010   Code   RO        16091    i.stpHoldTimerExpiry  stp_operation.o
    0x08015cfa   0x0000001a   Code   RO        15964    i.stpIncrementTimer  stp_misc.o
    0x08015d14   0x000000f8   Code   RO        15404    i.stpInit           stp.o
    0x08015e0c   0x000000b4   Code   RO        16148    i.stpInitProc       stp_procedures.o
    0x08015ec0   0x00000010   Code   RO        15965    i.stpLock           stp_misc.o
    0x08015ed0   0x00000036   Code   RO        16149    i.stpMakeBlocking   stp_procedures.o
    0x08015f06   0x0000001e   Code   RO        16150    i.stpMakeForwarding  stp_procedures.o
    0x08015f24   0x00000056   Code   RO        16092    i.stpMessageAgeTimerExpiry  stp_operation.o
    0x08015f7a   0x0000003a   Code   RO        15731    i.stpMgmtGetAdminPortState  stp_mgmt.o
    0x08015fb4   0x00000014   Code   RO        15732    i.stpMgmtGetAgeingTime  stp_mgmt.o
    0x08015fc8   0x0000001a   Code   RO        15733    i.stpMgmtGetBridgeAddr  stp_mgmt.o
    0x08015fe2   0x00000014   Code   RO        15734    i.stpMgmtGetBridgeForwardDelay  stp_mgmt.o
    0x08015ff6   0x00000014   Code   RO        15735    i.stpMgmtGetBridgeHelloTime  stp_mgmt.o
    0x0801600a   0x00000014   Code   RO        15736    i.stpMgmtGetBridgeMaxAge  stp_mgmt.o
    0x0801601e   0x00000014   Code   RO        15737    i.stpMgmtGetBridgePriority  stp_mgmt.o
    0x08016032   0x00000018   Code   RO        15738    i.stpMgmtGetDesignatedRoot  stp_mgmt.o
    0x0801604a   0x00000014   Code   RO        15739    i.stpMgmtGetForwardDelay  stp_mgmt.o
    0x0801605e   0x00000032   Code   RO        15740    i.stpMgmtGetForwardTransitions  stp_mgmt.o
    0x08016090   0x00000014   Code   RO        15741    i.stpMgmtGetHelloTime  stp_mgmt.o
    0x080160a4   0x00000014   Code   RO        15742    i.stpMgmtGetHoldTime  stp_mgmt.o
    0x080160b8   0x00000014   Code   RO        15744    i.stpMgmtGetMaxAge  stp_mgmt.o
    0x080160cc   0x00000014   Code   RO        15745    i.stpMgmtGetNumPorts  stp_mgmt.o
    0x080160e0   0x00000036   Code   RO        15747    i.stpMgmtGetPortDesignatedBridge  stp_mgmt.o
    0x08016116   0x00000032   Code   RO        15748    i.stpMgmtGetPortDesignatedCost  stp_mgmt.o
    0x08016148   0x00000032   Code   RO        15749    i.stpMgmtGetPortDesignatedPort  stp_mgmt.o
    0x0801617a   0x00000036   Code   RO        15750    i.stpMgmtGetPortDesignatedRoot  stp_mgmt.o
    0x080161b0   0x00000032   Code   RO        15751    i.stpMgmtGetPortPathCost  stp_mgmt.o
    0x080161e2   0x00000034   Code   RO        15752    i.stpMgmtGetPortPriority  stp_mgmt.o
    0x08016216   0x00000070   Code   RO        15754    i.stpMgmtGetPortState  stp_mgmt.o
    0x08016286   0x00000014   Code   RO        15755    i.stpMgmtGetRootPathCost  stp_mgmt.o
    0x0801629a   0x00000014   Code   RO        15756    i.stpMgmtGetRootPort  stp_mgmt.o
    0x080162ae   0x00000014   Code   RO        15757    i.stpMgmtGetTimeSinceTopologyChange  stp_mgmt.o
    0x080162c2   0x00000014   Code   RO        15758    i.stpMgmtGetTopologyChanges  stp_mgmt.o
    0x080162d6   0x000000ee   Code   RO        15759    i.stpMgmtSetAdminPortState  stp_mgmt.o
    0x080163c4   0x0000003c   Code   RO        15760    i.stpMgmtSetAgeingTime  stp_mgmt.o
    0x08016400   0x0000004e   Code   RO        15761    i.stpMgmtSetBridgeForwardDelay  stp_mgmt.o
    0x0801644e   0x00000044   Code   RO        15762    i.stpMgmtSetBridgeHelloTime  stp_mgmt.o
    0x08016492   0x0000004e   Code   RO        15763    i.stpMgmtSetBridgeMaxAge  stp_mgmt.o
    0x080164e0   0x000000bc   Code   RO        15764    i.stpMgmtSetBridgePriority  stp_mgmt.o
    0x0801659c   0x00000060   Code   RO        15765    i.stpMgmtSetPortPathCost  stp_mgmt.o
    0x080165fc   0x0000007e   Code   RO        15766    i.stpMgmtSetPortPriority  stp_mgmt.o
    0x0801667a   0x0000005a   Code   RO        16151    i.stpPortStateSelection  stp_procedures.o
    0x080166d4   0x000000b4   Code   RO        15651    i.stpProcessBpdu    stp_bpdu.o
    0x08016788   0x0000007c   Code   RO        15652    i.stpProcessLlcFrame  stp_bpdu.o
    0x08016804   0x000000a4   Code   RO        16093    i.stpReceivedConfigBpdu  stp_operation.o
    0x080168a8   0x00000024   Code   RO        16094    i.stpReceivedTcnBpdu  stp_operation.o
    0x080168cc   0x0000006e   Code   RO        16152    i.stpRecordConfigInfo  stp_procedures.o
    0x0801693a   0x0000005e   Code   RO        16153    i.stpRecordConfigTimeoutValues  stp_procedures.o
    0x08016998   0x0000000c   Code   RO        16154    i.stpReplyToConfigBpdu  stp_procedures.o
    0x080169a4   0x0000001c   Code   RO        15697    i.stpRootBridge     stp_conditions.o
    0x080169c0   0x0000001a   Code   RO        15698    i.stpRootPort       stp_conditions.o
    0x080169da   0x000000fe   Code   RO        16155    i.stpRootSelection  stp_procedures.o
    0x08016ad8   0x000000e0   Code   RO        15653    i.stpSendBpdu       stp_bpdu.o
    0x08016bb8   0x00000030   Code   RO        15405    i.stpSetAdminPortState  stp.o
    0x08016be8   0x000000d0   Code   RO        15415    i.stpStart          stp.o
    0x08016cb8   0x00000008   Code   RO        15966    i.stpStartTimer     stp_misc.o
    0x08016cc0   0x00000006   Code   RO        15967    i.stpStopTimer      stp_misc.o
    0x08016cc6   0x000000cc   Code   RO        15699    i.stpSupersedesPortInfo  stp_conditions.o
    0x08016d92   0x00000016   Code   RO        16095    i.stpTcnTimerExpiry  stp_operation.o
    0x08016da8   0x00000190   Code   RO        15968    i.stpTick           stp_misc.o
    0x08016f38   0x00000012   Code   RO        16156    i.stpTopologyChangeAcked  stp_procedures.o
    0x08016f4a   0x0000003a   Code   RO        16157    i.stpTopologyChangeDetection  stp_procedures.o
    0x08016f84   0x00000012   Code   RO        16096    i.stpTopologyChangeTimerExpiry  stp_operation.o
    0x08016f96   0x0000011c   Code   RO        16158    i.stpTransmitConfigBpdu  stp_procedures.o
    0x080170b2   0x00000030   Code   RO        16159    i.stpTransmitTcnBpdu  stp_procedures.o
    0x080170e2   0x00000002   PAD
    0x080170e4   0x00000048   Code   RO        15969    i.stpUnconfigurePermanentDatabase  stp_misc.o
    0x0801712c   0x00000010   Code   RO        15970    i.stpUnlock         stp_misc.o
    0x0801713c   0x00000064   Code   RO        15971    i.stpUpdateAgeingTime  stp_misc.o
    0x080171a0   0x000000b0   Code   RO        15972    i.stpUpdatePortState  stp_misc.o
    0x08017250   0x0000002c   Code   RO        15973    i.stpUpdateTopologyChange  stp_misc.o
    0x0801727c   0x00000028   Code   RO         1093    i.strDuplicate      str.o
    0x080172a4   0x0000003e   Code   RO         1096    i.strSafeCopy       str.o
    0x080172e2   0x00000048   Code   RO         1097    i.strTrimWhitespace  str.o
    0x0801732a   0x0000000c   Code   RO          787    i.swapInt16         cpu_endian.o
    0x08017336   0x0000001a   Code   RO          788    i.swapInt32         cpu_endian.o
    0x08017350   0x00000084   Code   RO          789    i.swapInt64         cpu_endian.o
    0x080173d4   0x0000009c   Code   RO           14    i.system_clock_config  at32f435_437_clock.o
    0x08017470   0x000000f0   Code   RO          216    i.system_core_clock_update  system_at32f435_437.o
    0x08017560   0x00000060   Code   RO         4922    i.tcpAbort          tcp.o
    0x080175c0   0x000001f0   Code   RO         4923    i.tcpAccept         tcp.o
    0x080177b0   0x0000009c   Code   RO         5102    i.tcpAddOption      tcp_misc.o
    0x0801784c   0x00000030   Code   RO         5103    i.tcpChangeState    tcp_misc.o
    0x0801787c   0x000001ea   Code   RO         5104    i.tcpCheckAck       tcp_misc.o
    0x08017a66   0x00000020   Code   RO         5306    i.tcpCheckFinWait2Timer  tcp_timer.o
    0x08017a86   0x00000002   Code   RO         5307    i.tcpCheckKeepAliveTimer  tcp_timer.o
    0x08017a88   0x000000de   Code   RO         5308    i.tcpCheckOverrideTimer  tcp_timer.o
    0x08017b66   0x0000008a   Code   RO         5309    i.tcpCheckPersistTimer  tcp_timer.o
    0x08017bf0   0x000000d6   Code   RO         5310    i.tcpCheckRetransmitTimer  tcp_timer.o
    0x08017cc6   0x000000ca   Code   RO         5105    i.tcpCheckSeqNum    tcp_misc.o
    0x08017d90   0x00000040   Code   RO         5106    i.tcpCheckSyn       tcp_misc.o
    0x08017dd0   0x0000002e   Code   RO         5311    i.tcpCheckTimeWaitTimer  tcp_timer.o
    0x08017dfe   0x000000c2   Code   RO         5107    i.tcpComputeRto     tcp_misc.o
    0x08017ec0   0x00000026   Code   RO         5108    i.tcpDeleteControlBlock  tcp_misc.o
    0x08017ee6   0x00000002   Code   RO         5109    i.tcpDumpHeader     tcp_misc.o
    0x08017ee8   0x00000028   Code   RO         5110    i.tcpFastLossRecovery  tcp_misc.o
    0x08017f10   0x00000058   Code   RO         5111    i.tcpFastRecovery   tcp_misc.o
    0x08017f68   0x0000004a   Code   RO         5112    i.tcpFastRetransmit  tcp_misc.o
    0x08017fb2   0x0000002a   Code   RO         5113    i.tcpFlushRetransmitQueue  tcp_misc.o
    0x08017fdc   0x00000022   Code   RO         5114    i.tcpFlushSynQueue  tcp_misc.o
    0x08017ffe   0x00000014   Code   RO         5115    i.tcpGenerateInitialSeqNum  tcp_misc.o
    0x08018012   0x00000002   PAD
    0x08018014   0x00000040   Code   RO         4925    i.tcpGetDynamicPort  tcp.o
    0x08018054   0x00000064   Code   RO         5116    i.tcpGetOption      tcp_misc.o
    0x080180b8   0x0000001c   Code   RO         4926    i.tcpGetState       tcp.o
    0x080180d4   0x0000000c   Code   RO         4927    i.tcpInit           tcp.o
    0x080180e0   0x0000002e   Code   RO         5117    i.tcpIsDuplicateAck  tcp_misc.o
    0x0801810e   0x0000008c   Code   RO         5118    i.tcpIsDuplicateSyn  tcp_misc.o
    0x0801819a   0x00000002   PAD
    0x0801819c   0x0000006c   Code   RO         4928    i.tcpKillOldestConnection  tcp.o
    0x08018208   0x0000003c   Code   RO         4929    i.tcpListen         tcp.o
    0x08018244   0x00000194   Code   RO         5119    i.tcpNagleAlgo      tcp_misc.o
    0x080183d8   0x000002dc   Code   RO         5021    i.tcpProcessSegment  tcp_fsm.o
    0x080186b4   0x000000c8   Code   RO         5120    i.tcpProcessSegmentData  tcp_misc.o
    0x0801877c   0x0000006c   Code   RO         5121    i.tcpReadRxBuffer   tcp_misc.o
    0x080187e8   0x00000070   Code   RO         5122    i.tcpReadTxBuffer   tcp_misc.o
    0x08018858   0x00000180   Code   RO         4930    i.tcpReceive        tcp.o
    0x080189d8   0x00000178   Code   RO         5123    i.tcpRejectSegment  tcp_misc.o
    0x08018b50   0x000000c0   Code   RO         5124    i.tcpRetransmitSegment  tcp_misc.o
    0x08018c10   0x00000124   Code   RO         4931    i.tcpSend           tcp.o
    0x08018d34   0x00000050   Code   RO         5125    i.tcpSendResetSegment  tcp_misc.o
    0x08018d84   0x00000260   Code   RO         5126    i.tcpSendSegment    tcp_misc.o
    0x08018fe4   0x00000132   Code   RO         4933    i.tcpShutdown       tcp.o
    0x08019116   0x00000060   Code   RO         5022    i.tcpStateCloseWait  tcp_fsm.o
    0x08019176   0x00000024   Code   RO         5023    i.tcpStateClosed    tcp_fsm.o
    0x0801919a   0x0000006c   Code   RO         5024    i.tcpStateClosing   tcp_fsm.o
    0x08019206   0x000000ae   Code   RO         5025    i.tcpStateEstablished  tcp_fsm.o
    0x080192b4   0x000000dc   Code   RO         5026    i.tcpStateFinWait1  tcp_fsm.o
    0x08019390   0x000000aa   Code   RO         5027    i.tcpStateFinWait2  tcp_fsm.o
    0x0801943a   0x00000056   Code   RO         5028    i.tcpStateLastAck   tcp_fsm.o
    0x08019490   0x00000178   Code   RO         5029    i.tcpStateListen    tcp_fsm.o
    0x08019608   0x000000f6   Code   RO         5030    i.tcpStateSynReceived  tcp_fsm.o
    0x080196fe   0x0000014a   Code   RO         5031    i.tcpStateSynSent   tcp_fsm.o
    0x08019848   0x0000007c   Code   RO         5032    i.tcpStateTimeWait  tcp_fsm.o
    0x080198c4   0x00000050   Code   RO         5312    i.tcpTick           tcp_timer.o
    0x08019914   0x000001a2   Code   RO         5127    i.tcpUpdateEvents   tcp_misc.o
    0x08019ab6   0x00000084   Code   RO         5128    i.tcpUpdateReceiveWindow  tcp_misc.o
    0x08019b3a   0x00000092   Code   RO         5129    i.tcpUpdateRetransmitQueue  tcp_misc.o
    0x08019bcc   0x000000da   Code   RO         5130    i.tcpUpdateSackBlocks  tcp_misc.o
    0x08019ca6   0x000000ac   Code   RO         5131    i.tcpUpdateSendWindow  tcp_misc.o
    0x08019d52   0x00000002   PAD
    0x08019d54   0x00000040   Code   RO         5132    i.tcpWaitForEvents  tcp_misc.o
    0x08019d94   0x00000076   Code   RO         5133    i.tcpWriteRxBuffer  tcp_misc.o
    0x08019e0a   0x0000006a   Code   RO         5134    i.tcpWriteTxBuffer  tcp_misc.o
    0x08019e74   0x00000022   Code   RO         5354    i.udpAllocBuffer    udp.o
    0x08019e96   0x00000002   PAD
    0x08019e98   0x00000038   Code   RO         5355    i.udpAttachRxCallback  udp.o
    0x08019ed0   0x00000034   Code   RO         5356    i.udpDetachRxCallback  udp.o
    0x08019f04   0x00000002   Code   RO         5357    i.udpDumpHeader     udp.o
    0x08019f06   0x00000002   PAD
    0x08019f08   0x00000040   Code   RO         5358    i.udpGetDynamicPort  udp.o
    0x08019f48   0x0000001c   Code   RO         5359    i.udpInit           udp.o
    0x08019f64   0x00000064   Code   RO         5360    i.udpInvokeRxCallback  udp.o
    0x08019fc8   0x000002e8   Code   RO         5361    i.udpProcessDatagram  udp.o
    0x0801a2b0   0x000000d8   Code   RO         5362    i.udpReceiveDatagram  udp.o
    0x0801a388   0x00000178   Code   RO         5363    i.udpSendBuffer     udp.o
    0x0801a500   0x000000e0   Code   RO         5364    i.udpSendDatagram   udp.o
    0x0801a5e0   0x00000052   Code   RO         5365    i.udpUpdateEvents   udp.o
    0x0801a632   0x00000008   Code   RO        13602    i.usart_data_transmit  at32f435_437_usart.o
    0x0801a63a   0x0000000a   Code   RO        13606    i.usart_enable      at32f435_437_usart.o
    0x0801a644   0x00000010   Code   RO        13608    i.usart_flag_get    at32f435_437_usart.o
    0x0801a654   0x000000ac   Code   RO        13611    i.usart_init        at32f435_437_usart.o
    0x0801a700   0x0000000a   Code   RO        13628    i.usart_transmitter_enable  at32f435_437_usart.o
    0x0801a70a   0x00000028   Code   RO         8329    i.uxListRemove      list.o
    0x0801a732   0x0000001a   Code   RO         8330    i.vListInitialise   list.o
    0x0801a74c   0x00000006   Code   RO         8331    i.vListInitialiseItem  list.o
    0x0801a752   0x00000034   Code   RO         8332    i.vListInsert       list.o
    0x0801a786   0x00000018   Code   RO         8333    i.vListInsertEnd    list.o
    0x0801a79e   0x00000002   PAD
    0x0801a7a0   0x00000024   Code   RO         8254    i.vPortEnterCritical  port.o
    0x0801a7c4   0x00000020   Code   RO         8255    i.vPortExitCritical  port.o
    0x0801a7e4   0x00000016   Code   RO         8913    i.vPortFree         heap_3.o
    0x0801a7fa   0x00000002   PAD
    0x0801a7fc   0x00000028   Code   RO         8256    i.vPortSetupTimerInterrupt  port.o
    0x0801a824   0x0000000e   Code   RO         8376    i.vQueueDelete      queue.o
    0x0801a832   0x00000002   PAD
    0x0801a834   0x00000034   Code   RO         8553    i.vTaskDelay        tasks.o
    0x0801a868   0x000000cc   Code   RO         8554    i.vTaskDelete       tasks.o
    0x0801a934   0x00000018   Code   RO         8557    i.vTaskInternalSetTimeOutState  tasks.o
    0x0801a94c   0x0000000c   Code   RO         8558    i.vTaskMissedYield  tasks.o
    0x0801a958   0x00000020   Code   RO         8559    i.vTaskPlaceOnEventList  tasks.o
    0x0801a978   0x000000a0   Code   RO         8561    i.vTaskPriorityDisinheritAfterTimeout  tasks.o
    0x0801aa18   0x00000070   Code   RO         8567    i.vTaskStartScheduler  tasks.o
    0x0801aa88   0x00000010   Code   RO         8569    i.vTaskSuspendAll   tasks.o
    0x0801aa98   0x00000060   Code   RO         8570    i.vTaskSwitchContext  tasks.o
    0x0801aaf8   0x00000048   Code   RO         8257    i.xPortStartScheduler  port.o
    0x0801ab40   0x0000001a   Code   RO         8377    i.xQueueCreateCountingSemaphore  queue.o
    0x0801ab5a   0x00000022   Code   RO         8378    i.xQueueCreateMutex  queue.o
    0x0801ab7c   0x00000034   Code   RO         8379    i.xQueueGenericCreate  queue.o
    0x0801abb0   0x00000080   Code   RO         8380    i.xQueueGenericReset  queue.o
    0x0801ac30   0x00000118   Code   RO         8381    i.xQueueGenericSend  queue.o
    0x0801ad48   0x00000078   Code   RO         8383    i.xQueueGiveFromISR  queue.o
    0x0801adc0   0x00000130   Code   RO         8390    i.xQueueSemaphoreTake  queue.o
    0x0801aef0   0x00000060   Code   RO         8573    i.xTaskCheckForTimeOut  tasks.o
    0x0801af50   0x00000060   Code   RO         8574    i.xTaskCreate       tasks.o
    0x0801afb0   0x00000020   Code   RO         8584    i.xTaskGetSchedulerState  tasks.o
    0x0801afd0   0x0000000c   Code   RO         8585    i.xTaskGetTickCount  tasks.o
    0x0801afdc   0x0000011c   Code   RO         8587    i.xTaskIncrementTick  tasks.o
    0x0801b0f8   0x00000074   Code   RO         8588    i.xTaskPriorityDisinherit  tasks.o
    0x0801b16c   0x000000b8   Code   RO         8589    i.xTaskPriorityInherit  tasks.o
    0x0801b224   0x00000080   Code   RO         8590    i.xTaskRemoveFromEventList  tasks.o
    0x0801b2a4   0x000000e8   Code   RO         8591    i.xTaskResumeAll    tasks.o
    0x0801b38c   0x0000002c   Code   RO        16491    locale$$code        c_w.l(lc_ctype_c.o)
    0x0801b3b8   0x0000000a   Code   RO        16596    x$fpl$fpinit        fz_wm.l(fpinit.o)
    0x0801b3c2   0x00000016   Data   RO          217    .constdata          system_at32f435_437.o
    0x0801b3d8   0x000076f9   Data   RO          775    .constdata          res.o
    0x08022ad1   0x00000003   PAD
    0x08022ad4   0x00000036   Data   RO         1818    .constdata          net_misc.o
    0x08022b0a   0x00000002   PAD
    0x08022b0c   0x00000040   Data   RO         2045    .constdata          at32f4xx_eth_driver.o
    0x08022b4c   0x00000014   Data   RO         2398    .constdata          ethernet.o
    0x08022b60   0x00000040   Data   RO         2588    .constdata          ethernet_misc.o
    0x08022ba0   0x00000060   Data   RO         3558    .constdata          ipv6.o
    0x08022c00   0x00000028   Data   RO         4796    .constdata          ip.o
    0x08022c28   0x00000054   Data   RO         5493    .constdata          socket.o
    0x08022c7c   0x00000010   Data   RO         6657    .constdata          llmnr_common.o
    0x08022c8c   0x00000030   Data   RO         6795    .constdata          dhcp_client_misc.o
    0x08022cbc   0x00000115   Data   RO         6925    .constdata          http_server.o
    0x08022dd1   0x00000003   PAD
    0x08022dd4   0x000001f0   Data   RO         7064    .constdata          http_server_misc.o
    0x08022fc4   0x00000191   Data   RO         7158    .constdata          mime.o
    0x08023155   0x00000003   PAD
    0x08023158   0x0000055c   Data   RO         8022    .constdata          snmp_mib_module.o
    0x080236b4   0x0000005c   Data   RO         8068    .constdata          dm8x06_driver.o
    0x08023710   0x00000026   Data   RO         9790    .constdata          at32f435_437_crm.o
    0x08023736   0x00000002   PAD
    0x08023738   0x00000b38   Data   RO        14952    .constdata          bridge_mib_module.o
    0x08024270   0x00000020   Data   RO        15654    .constdata          stp_bpdu.o
    0x08024290   0x00000030   Data   RO        15974    .constdata          stp_misc.o
    0x080242c0   0x00000028   Data   RO        16349    .constdata          c_w.l(_printf_hex_int.o)
    0x080242e8   0x00000011   Data   RO        16379    .constdata          c_w.l(__printf_flags_wp.o)
    0x080242f9   0x00000003   PAD
    0x080242fc   0x0000006c   Data   RO         6796    .conststring        dhcp_client_misc.o
    0x08024368   0x000003cd   Data   RO         7159    .conststring        mime.o
    0x08024735   0x00000003   PAD
    0x08024738   0x00000157   Data   RO         8023    .conststring        snmp_mib_module.o
    0x0802488f   0x00000001   PAD
    0x08024890   0x000000f9   Data   RO         8069    .conststring        dm8x06_driver.o
    0x08024989   0x00000003   PAD
    0x0802498c   0x0000044d   Data   RO        14953    .conststring        bridge_mib_module.o
    0x08024dd9   0x00000003   PAD
    0x08024ddc   0x00000010   Data   RO        15655    .conststring        stp_bpdu.o
    0x08024dec   0x00000039   Data   RO        15975    .conststring        stp_misc.o
    0x08024e25   0x00000003   PAD
    0x08024e28   0x00000020   Data   RO        16684    Region$$Table       anon$$obj.o
    0x08024e48   0x00000110   Data   RO        16490    locale$$data        c_w.l(lc_ctype_c.o)


    Execution Region RW_IRAM1 (Base: 0x20000000, Size: 0x0000c0f8, Max: 0x0002f000, ABSOLUTE)

    Base Addr    Size         Type   Attr      Idx    E Section Name        Object

    0x20000000   0x00000004   Data   RW          218    .data               system_at32f435_437.o
    0x20000004   0x0000000c   Data   RW          253    .data               retarget.o
    0x20000010   0x00000004   Data   RW          301    .data               main.o
    0x20000014   0x0000000c   Data   RW         2046    .data               at32f4xx_eth_driver.o
    0x20000020   0x00000004   Data   RW         2223    .data               nic.o
    0x20000024   0x00000004   Data   RW         2669    .data               arp.o
    0x20000028   0x00000004   Data   RW         3066    .data               ipv4_frag.o
    0x2000002c   0x00000004   Data   RW         3476    .data               igmp_common.o
    0x20000030   0x00000004   Data   RW         3859    .data               ipv6_frag.o
    0x20000034   0x00000004   Data   RW         4285    .data               mld.o
    0x20000038   0x00000004   Data   RW         4368    .data               ndp.o
    0x2000003c   0x00000001   Data   RW         4797    .data               ip.o
    0x2000003d   0x00000003   PAD
    0x20000040   0x00000006   Data   RW         4934    .data               tcp.o
    0x20000046   0x00000002   Data   RW         5367    .data               udp.o
    0x20000048   0x00000004   Data   RW         6384    .data               dns_cache.o
    0x2000004c   0x00000004   Data   RW         6797    .data               dhcp_client_misc.o
    0x20000050   0x00000004   Data   RW         8258    .data               port.o
    0x20000054   0x00000040   Data   RW         8594    .data               tasks.o
    0x20000094   0x00000029   Data   RW         8947    .data               at32f435_437_board.o
    0x200000bd   0x00000003   PAD
    0x200000c0   0x000046dc   Zero   RW          300    .bss                main.o
    0x2000479c   0x00000040   Zero   RW         1041    .bss                date_time.o
    0x200047dc   0x000011c0   Zero   RW         1270    .bss                net.o
    0x2000599c   0x00003690   Zero   RW         2044    .bss                at32f4xx_eth_driver.o
    0x2000902c   0x00000038   Zero   RW         2397    .bss                ethernet.o
    0x20009064   0x00000010   Zero   RW         2909    .bss                ipv4.o
    0x20009074   0x00000028   Zero   RW         3557    .bss                ipv6.o
    0x2000909c   0x000000a0   Zero   RW         5366    .bss                udp.o
    0x2000913c   0x00002640   Zero   RW         5492    .bss                socket.o
    0x2000b77c   0x000003a0   Zero   RW         6383    .bss                dns_cache.o
    0x2000bb1c   0x00000098   Zero   RW         8021    .bss                snmp_mib_module.o
    0x2000bbb4   0x000000c8   Zero   RW         8593    .bss                tasks.o
    0x2000bc7c   0x0000001c   Zero   RW        14951    .bss                bridge_mib_module.o
    0x2000bc98   0x00000060   Zero   RW        16545    .bss                c_w.l(libspace.o)
    0x2000bcf8   0x00000400   Zero   RW            3    STACK               startup_at32f435_437.o


    Execution Region ARM_LIB_STACK (Base: 0x2002f000, Size: 0x00001000, Max: 0x00001000, ABSOLUTE)

    Base Addr    Size         Type   Attr      Idx    E Section Name        Object

    0x2002f000   0x00001000   Zero   RW            1    ARM_LIB_STACK.bss   anon$$obj.o


    Execution Region ARM_LIB_HEAP (Base: 0x20030000, Size: 0x00030000, Max: 0x00030000, ABSOLUTE)

    Base Addr    Size         Type   Attr      Idx    E Section Name        Object

    0x20030000   0x00030000   Zero   RW            2    ARM_LIB_HEAP.bss    anon$$obj.o


==============================================================================

Image component sizes


      Code (inc. data)   RO Data    RW Data    ZI Data      Debug   Object Name

      1816         48          0          4          0      35325   arp.o
       402          0          0          0          0       4948   arp_cache.o
       894          0          0          0          0       6637   asn1.o
         0          0          0          0          0      31504   at32f435_437_acc.o
       220         34          0         41          0       4342   at32f435_437_board.o
       156         12          0          0          0      40814   at32f435_437_clock.o
      1038        122         38          0          0      12249   at32f435_437_crm.o
       218          0          0          0          0       3597   at32f435_437_gpio.o
        20          0          0          0          0       3005   at32f435_437_int.o
        20          6          0          0          0        678   at32f435_437_scfg.o
       216         10          0          0          0       4282   at32f435_437_usart.o
      2592        284         64         12      13968      50908   at32f4xx_eth_driver.o
       236         64          0          0          0       7652   bridge_mib_impl.o
       656        156          0          0          0       5791   bridge_mib_impl_base.o
      1464        202          0          0          0       5053   bridge_mib_impl_static.o
      3288        554          0          0          0      32862   bridge_mib_impl_stp.o
      1100        186          0          0          0       8106   bridge_mib_impl_tp.o
         0          0       3973          0         28       2977   bridge_mib_module.o
       170          0          0          0          0       2240   cpu_endian.o
       212         74          0          0         64       1908   date_time.o
       228         28          0          0          0       2500   debug.o
      1022         28          0          0          0       8113   dhcp_client_fsm.o
      2110        324        156          4          0      10152   dhcp_client_misc.o
       216          0          0          0          0       2412   dhcp_common.o
      7008       1754        341          0          0      28010   dm8x06_driver.o
       290         14          0          4        928       4435   dns_cache.o
       502         48          0          0          0       2617   dns_client.o
       460          0          0          0          0       3604   dns_common.o
      1326         50         20          0         56      36870   ethernet.o
       598         40         64          0          0       7149   ethernet_misc.o
        46          0          0          0          0       1343   heap_3.o
      2134        574        277          0          0       9834   http_server.o
        32          6          0          0          0       1362   http_server_auth.o
      2298        554        496          0          0      13288   http_server_misc.o
       810         44          0          0          0       7049   icmp.o
      1116         12          0          0          0       9178   icmpv6.o
       298         10          0          4          0       6827   igmp_common.o
       372         20          0          0          0       4193   igmp_host.o
       494         22          0          0          0       4816   igmp_host_misc.o
       704          6         40          1          0       8449   ip.o
      2438         58          0          0         16      22643   ipv4.o
      1176          0          0          4          0      37635   ipv4_frag.o
      1138         10          0          0          0      12892   ipv4_misc.o
      3254         68         96          0         40      53922   ipv6.o
      1420          0          0          4          0      38823   ipv6_frag.o
      2118         64          0          0          0      20718   ipv6_misc.o
        68          0          0          0          0       2005   ipv6_pmtu.o
       148          0          0          0          0       3730   list.o
         0          0         16          0          0        304   llmnr_common.o
      1134         20          0          0          0       6281   llmnr_responder.o
      2582       1122          0          4      18140     114031   main.o
       316          0          0          0          0       6865   mib_common.o
        84         10       1374          0          0       1506   mime.o
      1128         44          0          4          0       9717   mld.o
       500         10          0          0          0       2818   nbns_client.o
       682          4          0          0          0       5339   nbns_common.o
       488          6          0          0          0       2998   nbns_responder.o
      3710         50          0          4          0      42211   ndp.o
       930          4          0          0          0       8381   ndp_cache.o
      1230         20          0          0          0       9927   ndp_misc.o
      1268        132          0          0       4544      34820   net.o
      1292         32          0          0          0      58180   net_mem.o
      1870        316         54          0          0      47069   net_misc.o
       578         16          0          4          0      32090   nic.o
       500          0          0          0          0       4211   oid.o
       452          0          0          0          0      14858   os_port_freertos.o
       654         16          0          0          0       3228   path.o
       488         56          0          4          0      10492   port.o
      1354         14          0          0          0      27692   queue.o
         0          0      30457          0          0        442   res.o
       296          4          0          0          0       1767   resource_manager.o
        32          6          0         12          0       3302   retarget.o
         0          0          0          0          0       6673   rstp.o
       224         60          0          0          0       2667   slaac.o
      1372        198          0          0          0       5513   slaac_misc.o
      1188        210          0          0          0      13475   snmp_agent.o
       536        110          0          0          0       5043   snmp_agent_dispatch.o
      1936          0          0          0          0      15064   snmp_agent_message.o
      1302          8          0          0          0       7629   snmp_agent_misc.o
      1918         28          0          0          0       5670   snmp_agent_object.o
      1392        146          0          0          0       5246   snmp_agent_pdu.o
       832        152          0          0          0      10021   snmp_mib_impl.o
         0          0       1715          0        152       2663   snmp_mib_module.o
      1422         58         84          0       9792      18539   socket.o
       304         18          0          0          0       3483   socket_misc.o
      1876        292          0          0          0      12829   ssi.o
        36          8        524          0       1024        876   startup_at32f435_437.o
       514         86          0          0          0       3616   stp.o
       534        104         48          0          0       5171   stp_bpdu.o
       352          0          0          0          0       4068   stp_conditions.o
      1792         10          0          0          0      26041   stp_mgmt.o
      1412        166        105          0          0      15891   stp_misc.o
       430          0          0          0          0       6027   stp_operation.o
      1502          0          0          0          0      12428   stp_procedures.o
       174          0          0          0          0       2481   str.o
       384         42         22          4          0       2148   system_at32f435_437.o
      2690        402          0         64        200      34921   tasks.o
      1846         48          0          6          0      16380   tcp.o
      2698         22          0          0          0      11657   tcp_fsm.o
      5232         34          0          0          0      28327   tcp_misc.o
       734          4          0          0          0       4848   tcp_timer.o
      1978         44          0          2        160      12502   udp.o

    ----------------------------------------------------------------------
    106880       9618      40022        192     249816    1379873   Object Totals
         0          0         32          0     200704          0   (incl. Generated)
       160          0         26          6          0          0   (incl. Padding)

    ----------------------------------------------------------------------

      Code (inc. data)   RO Data    RW Data    ZI Data      Debug   Library Member Name

        20          0          0          0          0         84   __2fprintf.o
        24          4          0          0          0         84   __2printf.o
        44          6          0          0          0         84   __2sprintf.o
         8          0          0          0          0         68   __main.o
       312          4         17          0          0         92   __printf_flags_wp.o
        14          0          0          0          0         68   __printf_wp.o
         0          0          0          0          0          0   __rtentry.o
        12          0          0          0          0          0   __rtentry2.o
         8          4          0          0          0          0   __rtentry7.o
        52          8          0          0          0          0   __scatter.o
        26          0          0          0          0          0   __scatter_copy.o
        28          0          0          0          0          0   __scatter_zi.o
        28          0          0          0          0         68   _chval.o
        44          0          0          0          0        108   _printf_char.o
        48          6          0          0          0         96   _printf_char_common.o
        36          4          0          0          0         80   _printf_char_file.o
         6          0          0          0          0          0   _printf_d.o
       120         16          0          0          0         92   _printf_dec.o
        88          4         40          0          0         88   _printf_hex_int.o
       178          0          0          0          0         88   _printf_intcommon.o
        78          0          0          0          0        108   _printf_pad.o
         0          0          0          0          0          0   _printf_percent.o
         4          0          0          0          0          0   _printf_percent_end.o
         6          0          0          0          0          0   _printf_s.o
        82          0          0          0          0         80   _printf_str.o
         6          0          0          0          0          0   _printf_u.o
         6          0          0          0          0          0   _printf_x.o
        10          0          0          0          0         68   _sputc.o
       158          0          0          0          0         92   _strtoul.o
        16          0          0          0          0         68   aeabi_memset.o
        26          0          0          0          0         80   atoi.o
        10          0          0          0          0         68   defsig_exit.o
        50          0          0          0          0         88   defsig_general.o
        80         58          0          0          0         76   defsig_rtmem_inner.o
        14          0          0          0          0         80   defsig_rtmem_outer.o
        12          0          0          0          0         72   exit.o
        94          0          0          0          0         80   h1_alloc.o
        52          0          0          0          0         68   h1_extend.o
        78          0          0          0          0         80   h1_free.o
        14          0          0          0          0         84   h1_init.o
         4          0          0          0          0        136   hguard.o
       138          0          0          0          0        168   init_alloc.o
        44         10        272          0          0         76   lc_ctype_c.o
         2          0          0          0          0          0   libinit.o
        24          0          0          0          0          0   libinit2.o
        16          8          0          0          0          0   libinit5.o
         2          0          0          0          0          0   libshutdown.o
         2          0          0          0          0          0   libshutdown2.o
         0          0          0          0         96          0   libspace.o
       238          0          0          0          0        100   lludivv7m.o
         0          0          0          0          0          0   maybetermalloc1.o
        88          0          0          0          0         76   memcmp.o
        16          4          0          0          0         76   rt_ctype_table.o
         8          4          0          0          0         68   rt_errno_addr_intlibspace.o
         8          4          0          0          0         68   rt_heap_descriptor_intlibspace.o
         8          4          0          0          0         68   rt_locale_intlibspace.o
        68          0          0          0          0         68   rt_memclr.o
        78          0          0          0          0         80   rt_memclr_w.o
       138          0          0          0          0         68   rt_memcpy_v6.o
       100          0          0          0          0         80   rt_memcpy_w.o
       132          0          0          0          0         68   rt_memmove_v6.o
       122          0          0          0          0         80   rt_memmove_w.o
         2          0          0          0          0          0   rtexit.o
        10          0          0          0          0          0   rtexit2.o
        42          0          0          0          0         84   strcasecmp.o
        24          0          0          0          0         68   strcat.o
        20          0          0          0          0         68   strchr.o
       128          0          0          0          0         68   strcmpv7m.o
        72          0          0          0          0         80   strcpy.o
        32          0          0          0          0         80   strcspn.o
        62          0          0          0          0         76   strlen.o
        50          0          0          0          0         84   strncasecmp.o
       150          0          0          0          0         80   strncmp.o
        22          0          0          0          0         68   strrchr.o
        28          0          0          0          0         80   strspn.o
        68          4          0          0          0         84   strtok_int.o
         4          0          0          0          0         68   strtok_r.o
       112          0          0          0          0         88   strtol.o
       114          0          0          0          0         92   strtoul.o
        26          0          0          0          0         76   tolower.o
        30          0          0          0          0         76   toupper.o
         2          0          0          0          0         68   use_no_semi.o
        10          0          0          0          0        116   fpinit.o

    ----------------------------------------------------------------------
      4150        152        332          0         96       5076   Library Totals
        14          0          3          0          0          0   (incl. Padding)

    ----------------------------------------------------------------------

      Code (inc. data)   RO Data    RW Data    ZI Data      Debug   Library Name

      4126        152        329          0         96       4960   c_w.l
        10          0          0          0          0        116   fz_wm.l

    ----------------------------------------------------------------------
      4150        152        332          0         96       5076   Library Totals

    ----------------------------------------------------------------------

==============================================================================


      Code (inc. data)   RO Data    RW Data    ZI Data      Debug   

    111030       9770      40354        192     249912    1296285   Grand Totals
    111030       9770      40354        192     249912    1296285   ELF Image Totals
    111030       9770      40354        192          0          0   ROM Totals

==============================================================================

    Total RO  Size (Code + RO Data)               151384 ( 147.84kB)
    Total RW  Size (RW Data + ZI Data)            250104 ( 244.24kB)
    Total ROM Size (Code + RO Data + RW Data)     151576 ( 148.02kB)

==============================================================================

